
 Start         Length     Name                   Class
 0001:00000000 000509B8H .text                   CODE
 0002:00000000 000018A4H .data                   DATA
 0002:000018A4 00004535H .bss                    BSS


Detailed map of segments

 0001:00000000 00004E8F C=CODE     S=.text    G=(none)   M=System   ACBP=A9
 0001:00004E90 000001CC C=CODE     S=.text    G=(none)   M=SysInit  ACBP=A9
 0001:0000505C 00000078 C=CODE     S=.text    G=(none)   M=Types    ACBP=A9
 0001:000050D4 00000CB4 C=CODE     S=.text    G=(none)   M=Windows  ACBP=A9
 0001:00005D88 00000310 C=CODE     S=.text    G=(none)   M=SysConst ACBP=A9
 0001:00006098 00006314 C=CODE     S=.text    G=(none)   M=SysUtils ACBP=A9
 0001:0000C3AC 00000038 C=CODE     S=.text    G=(none)   M=Messages ACBP=A9
 0001:0000C3E4 00000038 C=CODE     S=.text    G=(none)   M=ActiveX  ACBP=A9
 0001:0000C41C 000000F4 C=CODE     S=.text    G=(none)   M=CommCtrl ACBP=A9
 0001:0000C510 00000038 C=CODE     S=.text    G=(none)   M=ShellAPI ACBP=A9
 0001:0000C548 00000038 C=CODE     S=.text    G=(none)   M=RegStr   ACBP=A9
 0001:0000C580 00000038 C=CODE     S=.text    G=(none)   M=WinInet  ACBP=A9
 0001:0000C5B8 00000038 C=CODE     S=.text    G=(none)   M=UrlMon   ACBP=A9
 0001:0000C5F0 00000038 C=CODE     S=.text    G=(none)   M=ShlObj   ACBP=A9
 0001:0000C628 00000038 C=CODE     S=.text    G=(none)   M=CommDlg  ACBP=A9
 0001:0000C660 00000038 C=CODE     S=.text    G=(none)   M=WinSpool ACBP=A9
 0001:0000C698 000007FB C=CODE     S=.text    G=(none)   M=VarUtils ACBP=A9
 0001:0000CE94 00002A42 C=CODE     S=.text    G=(none)   M=Variants ACBP=A9
 0001:0000F8D8 00000120 C=CODE     S=.text    G=(none)   M=RTLConsts ACBP=A9
 0001:0000F9F8 000007E8 C=CODE     S=.text    G=(none)   M=TypInfo  ACBP=A9
 0001:000101E0 0000973E C=CODE     S=.text    G=(none)   M=Classes  ACBP=A9
 0001:00019920 00000290 C=CODE     S=.text    G=(none)   M=Consts   ACBP=A9
 0001:00019BB0 00007283 C=CODE     S=.text    G=(none)   M=Graphics ACBP=A9
 0001:00020E34 00000048 C=CODE     S=.text    G=(none)   M=Math     ACBP=A9
 0001:00020E7C 000002B8 C=CODE     S=.text    G=(none)   M=Contnrs  ACBP=A9
 0001:00021134 00000787 C=CODE     S=.text    G=(none)   M=MultiMon ACBP=A9
 0001:000218BC 00000038 C=CODE     S=.text    G=(none)   M=Imm      ACBP=A9
 0001:000218F4 00000FF8 C=CODE     S=.text    G=(none)   M=HelpIntfs ACBP=A9
 0001:000228EC 0000031F C=CODE     S=.text    G=(none)   M=FlatSB   ACBP=A9
 0001:00022C0C 000001A4 C=CODE     S=.text    G=(none)   M=SyncObjs ACBP=A9
 0001:00022DB0 000009BB C=CODE     S=.text    G=(none)   M=UxTheme  ACBP=A9
 0001:0002376C 00000038 C=CODE     S=.text    G=(none)   M=RichEdit ACBP=A9
 0001:000237A4 00000038 C=CODE     S=.text    G=(none)   M=ToolWin  ACBP=A9
 0001:000237DC 00000038 C=CODE     S=.text    G=(none)   M=Dlgs     ACBP=A9
 0001:00023814 00000652 C=CODE     S=.text    G=(none)   M=ExtCtrls ACBP=A9
 0001:00023E68 00000038 C=CODE     S=.text    G=(none)   M=ComStrs  ACBP=A9
 0001:00023EA0 00000094 C=CODE     S=.text    G=(none)   M=Clipbrd  ACBP=A9
 0001:00023F34 00000038 C=CODE     S=.text    G=(none)   M=StrUtils ACBP=A9
 0001:00023F6C 000000F5 C=CODE     S=.text    G=(none)   M=Buttons  ACBP=A9
 0001:00024064 00000038 C=CODE     S=.text    G=(none)   M=ExtDlgs  ACBP=A9
 0001:0002409C 00000068 C=CODE     S=.text    G=(none)   M=IniFiles ACBP=A9
 0001:00024104 00000068 C=CODE     S=.text    G=(none)   M=Registry ACBP=A9
 0001:0002416C 0000006C C=CODE     S=.text    G=(none)   M=Mapi     ACBP=A9
 0001:000241D8 00000058 C=CODE     S=.text    G=(none)   M=ExtActns ACBP=A9
 0001:00024230 00000038 C=CODE     S=.text    G=(none)   M=ListActns ACBP=A9
 0001:00024268 00000180 C=CODE     S=.text    G=(none)   M=ComCtrls ACBP=A9
 0001:000243E8 00000A0C C=CODE     S=.text    G=(none)   M=Themes   ACBP=A9
 0001:00024DF4 00000038 C=CODE     S=.text    G=(none)   M=StdCtrls ACBP=A9
 0001:00024E2C 00000168 C=CODE     S=.text    G=(none)   M=StdActns ACBP=A9
 0001:00024F94 00000D1F C=CODE     S=.text    G=(none)   M=WinHelpViewer ACBP=A9
 0001:00025CB4 00010467 C=CODE     S=.text    G=(none)   M=Controls ACBP=A9
 0001:0003611C 00001292 C=CODE     S=.text    G=(none)   M=ActnList ACBP=A9
 0001:000373B0 000016E4 C=CODE     S=.text    G=(none)   M=ImgList  ACBP=A9
 0001:00038A94 00006639 C=CODE     S=.text    G=(none)   M=Menus    ACBP=A9
 0001:0003F0D0 0000C25C C=CODE     S=.text    G=(none)   M=Forms    ACBP=A9
 0001:0004B32C 00000044 C=CODE     S=.text    G=(none)   M=Printers ACBP=A9
 0001:0004B370 0000066D C=CODE     S=.text    G=(none)   M=Dialogs  ACBP=A9
 0001:0004B9E0 00000038 C=CODE     S=.text    G=(none)   M=usharedstructs ACBP=A9
 0001:0004BA18 00000038 C=CODE     S=.text    G=(none)   M=FastMM4Messages ACBP=A9
 0001:0004BA50 00004555 C=CODE     S=.text    G=(none)   M=FastMM4  ACBP=A9
 0001:0004FFA8 00000A0D C=CODE     S=.text    G=(none)   M=plugin_demo ACBP=A9
 0002:00000000 0000009C C=DATA     S=.data    G=DGROUP   M=System   ACBP=A9
 0002:0000009C 00000030 C=DATA     S=.data    G=DGROUP   M=SysInit  ACBP=A9
 0002:000000CC 00000250 C=DATA     S=.data    G=DGROUP   M=SysUtils ACBP=A9
 0002:0000031C 00000008 C=DATA     S=.data    G=DGROUP   M=VarUtils ACBP=A9
 0002:00000324 0000008E C=DATA     S=.data    G=DGROUP   M=Variants ACBP=A9
 0002:000003B4 0000000C C=DATA     S=.data    G=DGROUP   M=TypInfo  ACBP=A9
 0002:000003C0 00000064 C=DATA     S=.data    G=DGROUP   M=Classes  ACBP=A9
 0002:00000424 00000304 C=DATA     S=.data    G=DGROUP   M=Graphics ACBP=A9
 0002:00000728 00000178 C=DATA     S=.data    G=DGROUP   M=ExtCtrls ACBP=A9
 0002:000008A0 0000002C C=DATA     S=.data    G=DGROUP   M=Buttons  ACBP=A9
 0002:000008CC 00000008 C=DATA     S=.data    G=DGROUP   M=IniFiles ACBP=A9
 0002:000008D4 00000008 C=DATA     S=.data    G=DGROUP   M=Registry ACBP=A9
 0002:000008DC 00000008 C=DATA     S=.data    G=DGROUP   M=Mapi     ACBP=A9
 0002:000008E4 00000018 C=DATA     S=.data    G=DGROUP   M=ComCtrls ACBP=A9
 0002:000008FC 00000068 C=DATA     S=.data    G=DGROUP   M=Themes   ACBP=A9
 0002:00000964 0000013C C=DATA     S=.data    G=DGROUP   M=Controls ACBP=A9
 0002:00000AA0 00000020 C=DATA     S=.data    G=DGROUP   M=ImgList  ACBP=A9
 0002:00000AC0 000000EC C=DATA     S=.data    G=DGROUP   M=Menus    ACBP=A9
 0002:00000BAC 0000011C C=DATA     S=.data    G=DGROUP   M=Forms    ACBP=A9
 0002:00000CC8 00000004 C=DATA     S=.data    G=DGROUP   M=Printers ACBP=A9
 0002:00000CCC 00000074 C=DATA     S=.data    G=DGROUP   M=Dialogs  ACBP=A9
 0002:00000D40 00000778 C=DATA     S=.data    G=DGROUP   M=FastMM4  ACBP=A9
 0002:000014B8 00000004 C=DATA     S=.data    G=DGROUP   M=plugin_demo ACBP=A9
 0002:00002000 0000065C C=BSS      S=.bss     G=DGROUP   M=System   ACBP=A9
 0002:0000265C 00000014 C=BSS      S=.bss     G=DGROUP   M=SysInit  ACBP=A9
 0002:00002670 00000004 C=BSS      S=.bss     G=DGROUP   M=Types    ACBP=A9
 0002:00002674 00000004 C=BSS      S=.bss     G=DGROUP   M=Windows  ACBP=A9
 0002:00002678 00000004 C=BSS      S=.bss     G=DGROUP   M=SysConst ACBP=A9
 0002:0000267C 00000120 C=BSS      S=.bss     G=DGROUP   M=SysUtils ACBP=A9
 0002:0000279C 00000004 C=BSS      S=.bss     G=DGROUP   M=Messages ACBP=A9
 0002:000027A0 00000004 C=BSS      S=.bss     G=DGROUP   M=ActiveX  ACBP=A9
 0002:000027A4 00000004 C=BSS      S=.bss     G=DGROUP   M=CommCtrl ACBP=A9
 0002:000027A8 00000004 C=BSS      S=.bss     G=DGROUP   M=ShellAPI ACBP=A9
 0002:000027AC 00000004 C=BSS      S=.bss     G=DGROUP   M=RegStr   ACBP=A9
 0002:000027B0 00000004 C=BSS      S=.bss     G=DGROUP   M=WinInet  ACBP=A9
 0002:000027B4 00000004 C=BSS      S=.bss     G=DGROUP   M=UrlMon   ACBP=A9
 0002:000027B8 00000004 C=BSS      S=.bss     G=DGROUP   M=ShlObj   ACBP=A9
 0002:000027BC 00000004 C=BSS      S=.bss     G=DGROUP   M=CommDlg  ACBP=A9
 0002:000027C0 00000004 C=BSS      S=.bss     G=DGROUP   M=WinSpool ACBP=A9
 0002:000027C4 0000005C C=BSS      S=.bss     G=DGROUP   M=VarUtils ACBP=A9
 0002:00002820 00000040 C=BSS      S=.bss     G=DGROUP   M=Variants ACBP=A9
 0002:00002860 00000004 C=BSS      S=.bss     G=DGROUP   M=RTLConsts ACBP=A9
 0002:00002864 00000004 C=BSS      S=.bss     G=DGROUP   M=TypInfo  ACBP=A9
 0002:00002868 00000040 C=BSS      S=.bss     G=DGROUP   M=Classes  ACBP=A9
 0002:000028A8 00000004 C=BSS      S=.bss     G=DGROUP   M=Consts   ACBP=A9
 0002:000028AC 00000060 C=BSS      S=.bss     G=DGROUP   M=Graphics ACBP=A9
 0002:0000290C 00000004 C=BSS      S=.bss     G=DGROUP   M=Math     ACBP=A9
 0002:00002910 00000004 C=BSS      S=.bss     G=DGROUP   M=Contnrs  ACBP=A9
 0002:00002914 00000031 C=BSS      S=.bss     G=DGROUP   M=MultiMon ACBP=A9
 0002:00002948 00000004 C=BSS      S=.bss     G=DGROUP   M=Imm      ACBP=A9
 0002:0000294C 00000008 C=BSS      S=.bss     G=DGROUP   M=HelpIntfs ACBP=A9
 0002:00002954 00000034 C=BSS      S=.bss     G=DGROUP   M=FlatSB   ACBP=A9
 0002:00002988 00000004 C=BSS      S=.bss     G=DGROUP   M=SyncObjs ACBP=A9
 0002:0000298C 000000CC C=BSS      S=.bss     G=DGROUP   M=UxTheme  ACBP=A9
 0002:00002A58 00000004 C=BSS      S=.bss     G=DGROUP   M=RichEdit ACBP=A9
 0002:00002A5C 00000004 C=BSS      S=.bss     G=DGROUP   M=ToolWin  ACBP=A9
 0002:00002A60 00000004 C=BSS      S=.bss     G=DGROUP   M=Dlgs     ACBP=A9
 0002:00002A64 00000004 C=BSS      S=.bss     G=DGROUP   M=ExtCtrls ACBP=A9
 0002:00002A68 00000004 C=BSS      S=.bss     G=DGROUP   M=ComStrs  ACBP=A9
 0002:00002A6C 0000000C C=BSS      S=.bss     G=DGROUP   M=Clipbrd  ACBP=A9
 0002:00002A78 00000004 C=BSS      S=.bss     G=DGROUP   M=StrUtils ACBP=A9
 0002:00002A7C 00000030 C=BSS      S=.bss     G=DGROUP   M=Buttons  ACBP=A9
 0002:00002AAC 00000004 C=BSS      S=.bss     G=DGROUP   M=ExtDlgs  ACBP=A9
 0002:00002AB0 00000004 C=BSS      S=.bss     G=DGROUP   M=IniFiles ACBP=A9
 0002:00002AB4 00000004 C=BSS      S=.bss     G=DGROUP   M=Registry ACBP=A9
 0002:00002AB8 00000004 C=BSS      S=.bss     G=DGROUP   M=Mapi     ACBP=A9
 0002:00002ABC 00000009 C=BSS      S=.bss     G=DGROUP   M=ExtActns ACBP=A9
 0002:00002AC8 00000004 C=BSS      S=.bss     G=DGROUP   M=ListActns ACBP=A9
 0002:00002ACC 00000010 C=BSS      S=.bss     G=DGROUP   M=ComCtrls ACBP=A9
 0002:00002ADC 00000008 C=BSS      S=.bss     G=DGROUP   M=Themes   ACBP=A9
 0002:00002AE4 00000004 C=BSS      S=.bss     G=DGROUP   M=StdCtrls ACBP=A9
 0002:00002AE8 00000004 C=BSS      S=.bss     G=DGROUP   M=StdActns ACBP=A9
 0002:00002AEC 00000014 C=BSS      S=.bss     G=DGROUP   M=WinHelpViewer ACBP=A9
 0002:00002B00 00000080 C=BSS      S=.bss     G=DGROUP   M=Controls ACBP=A9
 0002:00002B80 00000004 C=BSS      S=.bss     G=DGROUP   M=ActnList ACBP=A9
 0002:00002B84 0000000C C=BSS      S=.bss     G=DGROUP   M=ImgList  ACBP=A9
 0002:00002B90 00000010 C=BSS      S=.bss     G=DGROUP   M=Menus    ACBP=A9
 0002:00002BA0 00000020 C=BSS      S=.bss     G=DGROUP   M=Forms    ACBP=A9
 0002:00002BC0 00000004 C=BSS      S=.bss     G=DGROUP   M=Printers ACBP=A9
 0002:00002BC4 0000000C C=BSS      S=.bss     G=DGROUP   M=Dialogs  ACBP=A9
 0002:00002BD0 00000004 C=BSS      S=.bss     G=DGROUP   M=usharedstructs ACBP=A9
 0002:00002BD4 00000004 C=BSS      S=.bss     G=DGROUP   M=FastMM4Messages ACBP=A9
 0002:00002BD8 00003934 C=BSS      S=.bss     G=DGROUP   M=FastMM4  ACBP=A9
 0002:0000650C 00000026 C=BSS      S=.bss     G=DGROUP   M=plugin_demo ACBP=A9


  Address         Publics by Name

 0002:00002860       .1
 0002:00002A48       .1
 0002:00002A58       .1
 0002:00002678       .1
 0002:00002A60       .1
 0002:00002670       .1
 0002:0000279C       .1
 0002:000027AC       .1
 0002:000027A4       .1
 0002:000027B0       .1
 0002:00002BDC       .1
 0002:00002974       .1
 0002:000027B4       .1
 0002:00002A68       .1
 0002:00002668       .1
 0002:00002BD4       .1
 0002:00002AF4       .1
 0002:000027B8       .1
 0002:000027BC       .1
 0002:00002AB8       .1
 0002:00002948       .1
 0002:000028A8       .1
 0002:000027A8       .1
 0002:00002934       .1
 0002:00002A78       .1
 0002:00002BC4       .11
 0002:00002A64       .12
 0002:000028B0       .12
 0002:0000294C       .2
 0002:0000290C       .2
 0002:00002ADC       .2
 0002:00002A70       .2
 0002:00002910       .21
 0002:00002B84       .3
 0002:00002BC0       .3
 0002:00002BD0       .3
 0002:000027C0       .3
 0002:00002AAC       .3
 0002:00002674       .3
 0002:000027A0       .3
 0002:0000278C       .35
 0002:00002ACC       .36
 0002:00002A7C       .4
 0002:00002A5C       .4
 0002:00002BA8       .41
 0002:00002AE4       .42
 0002:00002874       .45
 0002:00002AB4       .5
 0002:0000281C       .5
 0002:000025B4       .5
 0002:00002864       .6
 0002:00002988       .6
 0002:00002B08       .72
 0002:00002ABC       .72
 0002:00002AE8       .73
 0002:00002B80       .8
 0002:00002AC8       .8
 0002:00002AB0       .8
 0002:00002840       .81
 0002:00002B98       .9
 0001:00001C20       @AbstractError
 0001:00002740       @AfterConstruction
 0001:0000258C       @AsClass
 0001:00001D88       @AStrCmp
 0001:00002750       @BeforeDestruction
 0001:000025D8       @CallDynaInst
 0001:000026E8       @ClassCreate
 0001:00002738       @ClassDestroy
 0001:00001C90       @Close
 0001:00001B58       @Copy
 0001:00003E44       @CopyArray
 0001:00003D28       @CopyRecord
 0001:00003F38       @DispCallByIDError
 0001:0000D934       @DispInvokeError
 0001:00002BCC       @DoneExcept
 0001:00004168       @DynArrayAsg
 0001:0000412C       @DynArrayClear
 0001:00003F6C       @DynArrayHigh
 0001:00003F64       @DynArrayLength
 0001:00004120       @DynArraySetLength
 0001:00002CB4       @ExceptionHandler
 0001:00001DF8       @FillChar
 0001:00003D04       @Finalize
 0001:00003C18       @FinalizeArray
 0001:00003BCC       @FinalizeRecord
 0001:00002318       @FpuInit
 0001:00002254       @FpuMaskInit
 0001:00001978       @FreeMem
 0001:00001958       @GetMem
 0001:00004F90       @GetTls
 0001:00003184       @Halt
 0001:000030AC       @Halt0
 0001:00002864       @HandleAnyException
 0001:00002B18       @HandleFinally
 0001:00002990       @HandleOnException
 0001:00003B38       @InitializeArray
 0001:00003B08       @InitializeRecord
 0001:00002F70       @InitImports
 0001:00004FDC       @InitLib
 0001:00002F48       @InitResStringImports
 0001:00002F24       @InitResStrings
 0001:0000484C       @IntfAddRef
 0001:0000481C       @IntfCast
 0001:000047D8       @IntfClear
 0001:000047F0       @IntfCopy
 0001:00002568       @IsClass
 0001:00002224       @isNECWindows
 0001:0000364C       @LStrAddRef
 0001:000031C0       @LStrArrayClr
 0001:000031F0       @LStrAsg
 0001:00003464       @LStrCat
 0001:000034A8       @LStrCat3
 0001:0000351C       @LStrCatN
 0001:0000319C       @LStrClr
 0001:000035A8       @LStrCmp
 0001:000036BC       @LStrCopy
 0001:000036FC       @LStrDelete
 0001:0000340C       @LStrFromArray
 0001:00003384       @LStrFromChar
 0001:00003394       @LStrFromPChar
 0001:0000328C       @LStrFromPCharLen
 0001:000033C4       @LStrFromPWChar
 0001:000032F8       @LStrFromPWCharLen
 0001:00003400       @LStrFromString
 0001:00003424       @LStrFromWStr
 0001:00003744       @LStrInsert
 0001:00003234       @LStrLAsg
 0001:0000345C       @LStrLen
 0001:000037A0       @LStrPos
 0001:000037E8       @LStrSetLength
 0001:0000365C       @LStrToPChar
 0001:00003438       @LStrToString
 0001:00003260       @NewAnsiString
 0001:00003854       @NewWideString
 0001:00001F38       @Pow10
 0001:00001D04       @PStrCmp
 0001:00001CE8       @PStrNCpy
 0001:00002B78       @RaiseAgain
 0001:00002B50       @RaiseExcept
 0001:00001998       @ReallocMem
 0001:00001C14       @ROUND
 0001:00003190       @RunError
 0001:00001F1C       @SetEq
 0001:00002E5C       @StartLib
 0001:0000029C       @strlen
 0001:00002BFC       @TryFinallyExit
 0001:000036B4       @UniqueStringA
 0001:00001E18       @ValLong
 0001:0000F02C       @VarAddRef
 0001:0000DC20       @VarClear
 0001:00003C00       @VarClr
 0001:0000DC34       @VarClr
 0001:0000DF48       @VarCopy
 0001:00003D10       @VarCopy
 0001:0000EF64       @VarFromBool
 0001:0000EFB4       @VarFromCurr
 0001:0000EEFC       @VarFromInt
 0001:0000EF38       @VarFromInt64
 0001:0000EFC8       @VarFromLStr
 0001:0000EF8C       @VarFromReal
 0001:0000EFA0       @VarFromTDateTime
 0001:0000EFF4       @VarFromWStr
 0001:0000D988       @VarNull
 0001:0000E274       @VarToLStr
 0001:0000E99C       @VarToWStr
 0001:00003894       @WStrArrayClr
 0001:000038B8       @WStrAsg
 0001:0000387C       @WStrClr
 0001:000039F4       @WStrCmp
 0001:00003A78       @WStrCopy
 0001:000039C8       @WStrFromLStr
 0001:000038DC       @WStrFromPCharLen
 0001:0000398C       @WStrFromPWChar
 0001:00003968       @WStrFromPWCharLen
 0001:000039E8       @WStrLen
 0001:00003AC4       @WStrSetLength
 0001:000039D8       @WStrToPWChar
 0001:00001EF8       @_CLenToPasStr
 0001:00001EEC       @_CToPasStr
 0001:00001B28       @_IOTest
 0001:00003F40       @_llmul
 0001:000284D8       AbsMin
 0001:0000A810       AbstractErrorHandler
 0002:00002028       AbstractErrorProc
 0002:0000014C       AccessMode
 0001:00001A90       AcquireExceptionObject
 0001:000124F0       ActivateClassGroup
 0001:000055B8       ActivateKeyboardLayout
 0002:00002B3C       ActiveDrag
 0001:0000C414       ActiveX
 0001:00037384       ActnList
 0001:000003C8       AddBlockAfter
 0002:000003C0       AddDataModule
 0001:000155B0       AddFinished
 0001:0003A6C8       AddIn
 0001:0000466C       AddModuleUnloadProc
 0001:0000467C       AddModuleUnloadProc
 0001:000155E8       AddNotFinished
 0001:0001600C       AddSubComponentsToLoaded
 0001:0001D1D8       AdjustColor
 0001:000416B0       Adjustment
 0001:000055C0       AdjustWindowRectEx
 0002:00000B94       Alignments
 0002:00000B84       Alignments
 0001:0002DA7C       AlignWork
 0001:000485A8       AlignWork
 0001:00019700       AllocateHWnd
 0001:0004C478       AllocateLargeBlock
 0002:00004DE0       AllocationGroupStack
 0002:00005D80       AllocationGroupStackTop
 0001:00006C74       AllocMem
 0002:000025AC       AllocMemCount
 0002:000025B0       AllocMemSize
 0001:0004C3B8       AllocNewSequentialFeedMediumPool
 0001:00020C2C       AllocPatternBitmap
 0002:00002BE0       AllocSize2SmallBlockTypeIndX4
 0001:00004EC0       AllocTlsBuffer
 0002:00000970       AnchorAlign
 0002:00000964       AnimateWindowProc
 0002:00000A6C       AnimationStyle
 0001:00006DD4       AnsiCompareStr
 0001:00006E0C       AnsiCompareText
 0001:000073FC       AnsiLastChar
 0001:000055C8       AnsiLower
 0001:0000B110       AnsiPos
 0001:0003EEDC       AnsiSameCaption
 0001:00006E44       AnsiSameText
 0001:00006E5C       AnsiStrLIComp
 0001:0000B148       AnsiStrPos
 0001:0000B1E8       AnsiStrRScan
 0001:0000B210       AnsiStrScan
 0001:00004C4C       AnsiToUtf8
 0001:00008804       AppendChars
 0001:0004BFE0       AppendClassNameToBuffer
 0001:0004CC98       AppendEventLog
 0001:00008BC8       AppendFormat
 0001:0004BBB8       AppendModuleFileName
 0001:00008868       AppendNumber
 0001:00008848       AppendString
 0001:0004BFC4       AppendStringToBuffer
 0001:0004BBE0       AppendStringToModuleName
 0002:00002BA0       Application
 0002:000003D0       ApplicationHandleException
 0002:000003D8       ApplicationShowException
 0002:00000CC0       AppVisible
 0001:0000A7F4       AssertErrorHandler
 0002:00002020       AssertErrorProc
 0001:0000FCA8       AssignLongStr
 0001:0001004C       AssignVariant
 0002:00002604       avail
 0001:000074F0       BackfillGetDiskFreeSpaceEx
 0001:0002B030       BackgroundClipped
 0001:0000C928       BackupVarBoolFromStr
 0001:0000CA88       BackupVarBStrFromBool
 0001:0000C9A8       BackupVarBStrFromCy
 0001:0000CA18       BackupVarBStrFromDate
 0001:0000C8BC       BackupVarCyFromStr
 0001:0000C850       BackupVarDateFromStr
 0001:0000C70C       BackupVarI4FromStr
 0001:0000C6B8       BackupVariantChangeTypeEx
 0001:0000C778       BackupVarR4FromStr
 0001:0000C7E4       BackupVarR8FromStr
 0001:00012848       BeginGlobalLoading
 0001:000055D0       BeginPaint
 0001:0001D1E4       BetterSize
 0001:0003B53C       BiDiDraw
 0001:0004C330       BinMediumSequentialFeedRemainder
 0001:00005408       BitBlt
 0002:000008A0       BitBtnCaptions
 0002:00002A80       BitBtnGlyphs
 0002:000006DC       BitmapCanvasList
 0002:000028C8       BitmapImageLock
 0001:0000C6F4       BiUnimplemented
 0002:000003F8       BlockCode
 0002:000025DC       blockDescBlockList
 0002:000025E0       blockDescFreeList
 0001:0004CC38       BlockFullDebugModeMMRoutines
 0001:000016BC       BlockSum
 0002:000003B4       BooleanIdents
 0002:00000330       BooleanToStringRule
 0001:00007294       BoolToStr
 0001:0000DFFC       BoolToWStrViaOS
 0001:00005080       Bounds
 0001:00011808       Bounds
 0002:00000B2C       Breaks
 0002:00002900       BrushManager
 0001:0003DCF0       BuildImage
 0002:00000D14       ButtonCaptions
 0002:00000CE8       ButtonNames
 0002:00000BA8       Buttons
 0001:0002403C       Buttons
 0001:0001C9C4       BytesPerScanline
 0001:0001CD1C       ByteSwapColors
 0001:0000AEC4       ByteToCharIndex
 0001:0000AE9C       ByteToCharLen
 0001:0000AE60       ByteType
 0001:0000ADE8       ByteTypeTest
 0002:00002B88       CachedComCtrlVer
 0001:0001963C       CalcJmpOffset
 0001:0003540C       CalcSplitterPos
 0001:0004CEA8       CalculateHeaderCheckSum
 0001:000055D8       CallNextHookEx
 0001:0000B8DC       CallTerminateProcs
 0001:000055E0       CallWindowProc
 0001:00029510       CancelDrag
 0002:00002904       CanvasList
 0002:00002B50       CanvasList
 0002:00000CD4       Captions
 0002:00000A28       CaptureControl
 0001:0004BF0C       CardinalToHexBuf
 0001:0004BDF0       CardinalToStrBuf
 0002:00000ACC       cBooleanToItemAutoFlag
 0002:00002A6E       CF_COMPONENT
 0002:00002A6C       CF_PICTURE
 0002:00002838       ChangeAnyProc
 0001:000032BC       CharFromWChar
 0001:0000B098       CharLength
 0001:000055E8       CharNext
 0001:0000021C       CharNext
 0002:00006518       CharObjID
 0001:0001B348       CharsetToIdent
 0001:0000AFAC       CharToByteIndex
 0001:0000B010       CharToByteLen
 0001:000055F0       CharToOemA
 0001:0004DC44       CheckBlockBeforeFreeOrRealloc
 0001:0004EE2C       CheckBlocksOnShutdown
 0001:0001D794       CheckBool
 0001:0004F528       CheckCanInstallMemoryManager
 0001:0004CE90       CheckFillPattern
 0001:0004DAA8       CheckFreeBlockUnmodified
 0001:000027E0       CheckJmp
 0001:000055F8       CheckMenuItem
 0002:00000B1C       Checks
 0001:0004EC34       CheckSmallBlockPoolForLeaks
 0001:00016048       CheckSubComponents
 0001:00018414       CheckSynchronize
 0001:000410EC       CheckTaskWindow
 0001:000291C4       CheckUndock
 0001:0000ACDC       CheckWin32Version
 0002:00000334       CInvalidCustomVariantType
 0002:00000AD0       cItemAutoFlagToBoolean
 0002:00000AC8       cItemAutoFlagToMenu
 0001:0001988C       Classes
 0001:000122B4       ClassNotFound
 0002:00002834       ClearAnyProc
 0001:0001ABD8       ClearColor
 0001:0000F368       ClearVariantTypeList
 0001:00005600       ClientToScreen
 0001:000329F4       ClientToWindow
 0002:000006D4       ClipboardFormats
 0001:00023EDC       Clipbrd
 0001:000051B8       CloseHandle
 0002:00002990       CloseThemeData
 0002:0000203C       CmdLine
 0002:00002038       CmdShow
 0002:00000AC4       cMenuAutoFlagToItem
 0001:0000C700       CmpUnimplemented
 0002:0000652C       cntHP
 0002:00000454       Colors
 0001:0001B140       ColorToIdent
 0002:00000728       ColorToPretyName
 0001:0001B130       ColorToRGB
 0002:00006514       ColvoHP
 0002:00002AD8       ComCtlVersion
 0001:000243E0       ComCtrls
 0002:00002B9C       CommandPool
 0001:0000C508       CommCtrl
 0001:0000C658       CommDlg
 0001:000006A8       Commit
 0002:00002620       committedRoot
 0001:00039CAC       CompareFront
 0001:00006D3C       CompareMem
 0001:00006D0C       CompareStr
 0001:000051C0       CompareString
 0001:00006D5C       CompareText
 0001:000071BC       CompareWith
 0001:00016128       ComponentCreated
 0001:00023E98       ComStrs
 0001:00019BA8       Consts
 0001:0002112C       Contnrs
 0002:00002B0E       ControlAtom
 0002:00002B14       ControlAtomString
 0001:00045E78       ControlHasHelp
 0001:0003608C       Controls
 0001:0000A250       ConvertAddr
 0001:00008958       ConvertEraString
 0001:00006C50       ConvertErrorFmt
 0001:00008AC0       ConvertYearString
 0001:00003F74       CopyArray
 0001:0001E26C       CopyBitmap
 0001:0001E934       CopyBitmapAsMask
 0001:0001E8D0       CopyPalette
 0002:00000900       Copyright
 0002:00000D54       Copyright
 0001:0003CD9C       CopyToBest
 0001:0000AF1C       CountChars
 0002:000028E0       CounterLock
 0002:00000338       CRangeToType
 0001:0000A738       CreateAssertException
 0001:0000A8C0       CreateAVObject
 0001:00005410       CreateBitmap
 0001:00005418       CreateBrushIndirect
 0001:00005420       CreateCompatibleBitmap
 0001:00005428       CreateCompatibleDC
 0001:000161A8       CreateComponent
 0001:00005438       CreateDIBitmap
 0001:00005430       CreateDIBSection
 0001:000051C8       CreateEvent
 0001:000051D0       CreateFile
 0001:000051D8       CreateFileA
 0001:000051E0       CreateFileMappingA
 0001:00005440       CreateFontIndirect
 0001:00005448       CreateHalftonePalette
 0001:00005608       CreateIcon
 0001:0000A664       CreateInOutError
 0001:00005610       CreateMenu
 0001:00005450       CreatePalette
 0001:00005458       CreatePenIndirect
 0001:00005618       CreatePopupMenu
 0001:00005460       CreateSolidBrush
 0001:0001CD74       CreateSystemPalette
 0001:000051E8       CreateThread
 0001:00005BA8       CreateWindow
 0001:00005C00       CreateWindowA
 0001:00005B50       CreateWindowEx
 0002:00000968       CreationControl
 0002:00000CCC       CreationControl
 0002:000003A0       CRelationshipToBoolean
 0002:0000031C       CResult
 0002:00000144       cSimpleBoolStrs
 0002:0000034C       CText
 0002:00000A64       Ctl3DStyles
 0002:00002618       curAlloc
 0002:00006520       CurHP
 0002:00002684       CurrencyDecimals
 0002:00002680       CurrencyFormat
 0002:0000267C       CurrencyString
 0002:00005D84       CurrentAllocationNumber
 0001:000087F0       CurrentYear
 0001:00008388       CurrToStr
 0001:0000DF8C       CurrToWStrViaOS
 0002:00000C44       CursorMap
 0002:00000978       Cursors
 0001:00027DB0       CursorToIdent
 0002:00000C34       cUseAlpha
 0002:00000C3C       cUseColorKey
 0001:00006F30       CvtInt
 0001:00006F9C       CvtInt64
 0002:00000184       CWNear
 0002:00002685       DateSeparator
 0001:000093D8       DateTimeToStr
 0001:0000937C       DateTimeToString
 0001:00008448       DateTimeToTimeStamp
 0001:0000DFC4       DateToWStrViaOS
 0001:000087C8       DayOfWeek
 0002:00000180       DCon10
 0002:00000450       DDBsOnly
 0001:000197B4       DeallocateHWnd
 0001:0004DC98       DebugFreeMem
 0001:0004DB58       DebugGetMem
 0002:00000028       DebugHook
 0001:0004DD50       DebugReallocMem
 0002:00002683       DecimalSeparator
 0001:000087A8       DecodeDate
 0001:0000865C       DecodeDateFully
 0001:000084FC       DecodeTime
 0001:0000073C       Decommit
 0001:00000D58       DecommitFree
 0002:000025F4       decommittedRoot
 0001:000491D0       Default
 0001:00043B00       Default
 0002:00000020       Default8087CW
 0002:0000096C       DefaultDockTreeClass
 0002:000025B8       DefaultUserCodePage
 0002:000006A4       DefBrushData
 0002:00000424       DefFontData
 0001:00005620       DefFrameProc
 0002:00000210       DefLongDayNames
 0002:000001C4       DefLongMonthNames
 0001:00005628       DefMDIChildProc
 0002:00000684       DefPenData
 0002:000001F4       DefShortDayNames
 0002:00000194       DefShortMonthNames
 0001:00005630       DefWindowProc
 0001:000041C0       DelayLoadResourceModule
 0001:000003F8       DeleteBlock
 0001:00000368       DeleteCriticalSection
 0001:000051F0       DeleteCriticalSection
 0001:00005468       DeleteDC
 0001:0004CC88       DeleteEventLog
 0001:000051F8       DeleteFileA
 0001:00000BA0       DeleteFree
 0001:00005638       DeleteMenu
 0001:00005470       DeleteObject
 0001:0004BDCC       DelphiIsRunning
 0001:0001DE28       DeselectBitmap
 0001:00005640       DestroyCursor
 0001:00005648       DestroyIcon
 0001:00023F6C       DestroyLocals
 0001:00005650       DestroyMenu
 0001:00005658       DestroyWindow
 0001:00025968       DialogEnumerationTester
 0001:0004B9A0       Dialogs
 0002:000006E0       DIBPalSizes
 0002:0000008C       dig
 0001:00040F40       DisableTaskWindows
 0001:00005660       DispatchMessage
 0001:00047158       DispatchShortCut
 0002:00002000       DispCallByIDProc
 0001:00006C34       DivMod
 0001:0002380C       Dlgs
 0002:00002664       DllProc
 0001:0004845C       DoAlign
 0001:0002D90C       DoAlign
 0001:000318B0       DoCalcConstraints
 0002:00002B44       DockSiteList
 0001:0003D9BC       DoClick
 0001:0002EFE4       DoControlMsg
 0001:00040EF0       DoDisableWindow
 0001:00028AF0       DoDragOver
 0001:000336E0       DoFindControlZone
 0001:0004102C       DoFindWindow
 0001:00033C6C       DoFindZone
 0001:00033764       DoForEach
 0001:00035070       DoGetNextLimit
 0001:00040EB8       DoneApplication
 0001:0004CC28       DoneChangingFullDebugModeBlock
 0001:00035DD0       DoneControls
 0001:0000ABEC       DoneExceptions
 0001:000454D4       DoNestedActivation
 0001:000183D4       DoneThreadSynchronization
 0001:0002D4CC       DoPosition
 0001:000482AC       DoPosition
 0001:00034698       DoPrune
 0001:00034B70       DoSaveZone
 0001:00034D74       DoSetNewBounds
 0002:000003BC       DotSep
 0001:0001367C       DoWrite
 0001:0001D9EC       DoWrite
 0001:0003830C       DoWrite
 0001:0002E5CC       DoWriteDesignSize
 0001:0002C124       DoWriteIsControl
 0002:00002B28       DragCapture
 0002:00002B1C       DragControl
 0001:00029238       DragDone
 0001:00028AA0       DragFindTarget
 0001:00028A74       DragFindWindow
 0002:00002B40       DragImageList
 0001:00028E90       DragInit
 0001:00029000       DragInitControl
 0002:00002B24       DragInternalObject
 0001:000289BC       DragMessage
 0002:00002B20       DragObject
 0002:00002B4C       DragSave
 0002:00002B34       DragSaveCursor
 0002:00002B2C       DragStartPos
 0002:00002B38       DragThreshold
 0001:00028BC0       DragTo
 0001:0004920C       DrawAppIcon
 0001:00034204       DrawCloseButton
 0001:00005668       DrawEdge
 0001:00005670       DrawFrameControl
 0001:0003425C       DrawGrabberLine
 0001:00005678       DrawIcon
 0001:00005680       DrawIconEx
 0002:00000AA0       DrawingStyles
 0001:00005688       DrawMenuBar
 0001:0003ECFC       DrawMenuItem
 0001:00005690       DrawText
 0002:00002994       DrawThemeBackground
 0002:000029B8       DrawThemeEdge
 0002:000029BC       DrawThemeIcon
 0002:00002A40       DrawThemeParentBackground
 0002:00002998       DrawThemeText
 0001:0001C844       DupBits
 0001:00003F8C       DynArrayClear
 0001:00003F94       DynArraySetLength
 0002:00000B8C       EdgeStyle
 0002:00000A54       EdgeStyles
 0001:0000A638       EHeapException.FreeInstance
 0002:00002820       EmptyParam
 0002:000000CC       EmptyStr
 0002:000000D0       EmptyWideStr
 0001:00005698       EnableMenuItem
 0002:00000B24       Enables
 0001:000056A0       EnableScrollBar
 0001:00040FF4       EnableTaskWindows
 0002:00002A28       EnableThemeDialogTexture
 0002:00002A44       EnableTheming
 0001:000056A8       EnableWindow
 0001:000128D0       EndGlobalLoading
 0001:000056B0       EndPaint
 0001:00005200       EnterCriticalSection
 0001:00000358       EnterCriticalSection
 0001:00005208       EnumCalendarInfoA
 0002:00002930       EnumDisplayMonitors
 0001:00009EC4       EnumEraNames
 0001:00009F00       EnumEraYearOffsets
 0001:000440C4       EnumMonitorsProc
 0001:000056B8       EnumThreadWindows
 0001:00015958       EnumValue
 0001:000056C0       EnumWindows
 0001:000056C8       EqualRect
 0002:0000274C       EraNames
 0001:00009650       EraToYear
 0002:00002768       EraYearOffsets
 0002:00000064       errCaption
 0001:00001B1C       Error
 0001:000399FC       Error
 0001:0001513C       Error
 0001:00011E58       Error
 0002:00000004       ErrorAddr
 0001:00001AD0       ErrorAt
 0001:0000A6E4       ErrorHandler
 0002:0000022C       ErrorMap
 0002:00002008       ErrorProc
 0002:000023E0       ErrOutput
 0001:00001A70       ExceptAddr
 0002:0000200C       ExceptClsProc
 0001:0000AB58       ExceptHandler
 0001:0000A4AC       Exception.Create
 0001:0000A4E8       Exception.CreateFmt
 0001:0000A568       Exception.CreateRes
 0001:0000A5A4       Exception.CreateResFmt
 0002:0000201C       ExceptionClass
 0001:0000A25C       ExceptionErrorMessage
 0002:00000264       ExceptMap
 0001:00001A50       ExceptObject
 0002:00002010       ExceptObjProc
 0002:00002004       ExceptProc
 0001:00005478       ExcludeClipRect
 0002:00000000       ExitCode
 0001:00002FF0       ExitDll
 0002:00002040       ExitProc
 0001:00000224       ExitProcess
 0002:00002024       ExitProcessProc
 0001:00004F6C       ExitProcessTLS
 0001:00004F44       ExitThreadTLS
 0001:000074B4       ExpandFileName
 0002:00004DDC       ExpectedMemoryLeaks
 0001:00024228       ExtActns
 0001:00023E38       ExtCtrls
 0001:00024094       ExtDlgs
 0001:0000747C       ExtractFileName
 0002:00002788       FalseBoolStrs
 0001:0004C94C       FastFreeMem
 0001:0004C5BC       FastGetMem
 0001:0004FF6C       FastMM4
 0001:0004BA48       FastMM4Messages
 0002:00006504       FastMMIsInstalled
 0002:00002A74       FClipboard
 0002:00000174       FCon1E18
 0001:000073F4       FileClose
 0001:00007338       FileCreate
 0001:0000735C       FileCreate
 0002:000006D8       FileFormats
 0002:00000008       FileMode
 0001:000072E0       FileOpen
 0001:00007364       FileRead
 0002:000003E8       FilerSignature
 0001:000073BC       FileSeek
 0001:00007390       FileWrite
 0001:00000C88       FillAfterGap
 0001:00000C34       FillBeforeGap
 0001:0004BDA8       FillDWord
 0001:00000D20       FillerSizeAfterGap
 0001:00000CB0       FillerSizeBeforeGap
 0001:000056D0       FillRect
 0001:0000CE54       Finalization
 0001:00024064       Finalization
 0001:0000C660       Finalization
 0001:0004B28C       Finalization
 0001:00037354       Finalization
 0001:000237DC       Finalization
 0001:0004B32C       Finalization
 0001:0000F9C0       Finalization
 0001:000237A4       Finalization
 0001:0002411C       Finalization
 0001:000241D8       Finalization
 0001:00024DA8       Finalization
 0001:0000509C       Finalization
 0001:0004FF2C       Finalization
 0001:00005D50       Finalization
 0001:0000C3E4       Finalization
 0001:00019B78       Finalization
 0001:00006060       Finalization
 0001:0004B944       Finalization
 0001:0004B9E0       Finalization
 0001:0002376C       Finalization
 0001:0003EFD8       Finalization
 0001:000236FC       Finalization
 0001:00036024       Finalization
 0001:000240B4       Finalization
 0001:0000C548       Finalization
 0001:00022D78       Finalization
 0001:00010188       Finalization
 0001:00024DF4       Finalization
 0001:000197DC       Finalization
 0001:00023E68       Finalization
 0001:00022BCC       Finalization
 0001:00024F5C       Finalization
 0001:0002187C       Finalization
 0001:000210FC       Finalization
 0001:00024180       Finalization
 0001:00020C64       Finalization
 0001:00025BE0       Finalization
 0001:00004D68       Finalization
 0001:00023F34       Finalization
 0001:00038A5C       Finalization
 0001:0000C4D8       Finalization
 0001:00024368       Finalization
 0001:00024230       Finalization
 0001:0000C628       Finalization
 0001:00020E44       Finalization
 0001:000228A4       Finalization
 0001:000218BC       Finalization
 0001:0004BA18       Finalization
 0001:0000C5F0       Finalization
 0001:0000C5B8       Finalization
 0001:00023EA0       Finalization
 0001:0000C580       Finalization
 0001:00005024       Finalization
 0001:00023DF0       Finalization
 0001:0000C1AC       Finalization
 0001:0000F7B4       Finalization
 0001:00050788       Finalization
 0001:0000C3AC       Finalization
 0001:00024004       Finalization
 0001:0000C510       Finalization
 0001:00003F84       FinalizeArray
 0001:0004FED8       FinalizeMemoryManager
 0001:00002D9C       FinalizeUnits
 0001:0003D77C       Find
 0001:00004230       FindBS
 0001:00012374       FindClass
 0001:000041B8       FindClassHInstance
 0001:00000234       FindClose
 0001:00000C04       FindCommitted
 0001:00027B90       FindControl
 0001:00033E98       FindControlAtPos
 0001:0000F60C       FindCustomVariantType
 0001:0000F6C4       FindCustomVariantType
 0001:0002955C       FindDragTarget
 0001:00016358       FindExistingComponent
 0001:0000023C       FindFirstFile
 0001:0004BBB4       FindFirstSetBit
 0001:00041138       FindGlobalComponent
 0001:00012760       FindGlobalComponent
 0002:00002880       FindGlobalComponentProcs
 0001:00004190       FindHInstance
 0001:00012608       FindIdentToInt
 0002:00002BCC       FindMsg
 0001:000154E8       FindNestedComponent
 0001:000399C4       FindPopupControl
 0001:0000CB1C       FindProc
 0001:00005210       FindResource
 0001:00004208       FindResourceHInstance
 0001:0004AAE0       FindScanline
 0001:00041090       FindTopMostWindow
 0001:0001723C       FindUniqueName
 0001:00029528       FindVCLWindow
 0001:000056D8       FindWindow
 0001:000056E0       FindWindowA
 0001:000259C0       FindWinHelp
 0001:0001E220       FixupBitFields
 0002:00000B9C       Flags
 0002:00002798       FLanguages
 0001:00022BFC       FlatSB
 0002:00002954       FlatSB_EnableScrollBar
 0002:00002960       FlatSB_GetScrollInfo
 0002:00002964       FlatSB_GetScrollPos
 0002:0000295C       FlatSB_GetScrollRange
 0002:0000296C       FlatSB_SetScrollInfo
 0002:00002968       FlatSB_SetScrollPos
 0001:000228EC       FlatSB_SetScrollProp
 0002:00002970       FlatSB_SetScrollRange
 0002:00002958       FlatSB_ShowScrollBar
 0001:00008018       FloatToDecimal
 0001:00008358       FloatToStr
 0001:00007D44       FloatToText
 0001:00001C84       Flush
 0002:00000188       FMSecsPerDay
 0001:00007C40       FmtStr
 0002:00000BB8       FocusCount
 0002:00000BB4       FocusMessages
 0002:000005F4       FontCharsets
 0002:000028F8       FontManager
 0001:0004110C       ForegroundTask
 0001:00007C2C       Format
 0002:00000190       Format
 0001:00007834       FormatBuf
 0001:00007828       FormatClearStr
 0001:000077AC       FormatError
 0002:0000016C       FormatErrorStrs
 0001:00005218       FormatMessage
 0001:00007804       FormatVarToStr
 0001:0004B2E8       Forms
 0001:00001F30       FPower10
 0002:00000CC8       FPrinter
 0001:000056E8       FrameRect
 0001:0004F494       FreeAllMemory
 0001:0000BD8C       FreeAndNil
 0001:00000970       FreeCommitted
 0001:00000E90       FreeCurAlloc
 0001:0002961C       FreeDeviceContext
 0001:000296D8       FreeDeviceContexts
 0002:00006194       FreedObjectVMT
 0001:000195A8       FreeIntConstList
 0001:0004C51C       FreeLargeBlock
 0001:00005220       FreeLibrary
 0001:00000244       FreeLibrary
 0001:0004C8F4       FreeMediumBlock
 0001:0001DD7C       FreeMemoryContexts
 0001:000196DC       FreeObjectInstance
 0001:00005230       FreeResource
 0001:000005F0       FreeSpace
 0001:0000B8F8       FreeTerminateProcs
 0001:00022DB0       FreeThemeLibrary
 0002:00002AD4       FRichEditModule
 0002:00006508       FullDebugModeDLL
 0002:00000D40       FullDebugModeScanMemoryPoolBeforeEveryOperation
 0001:0001C834       GDICheck
 0001:0001C78C       GDIError
 0001:00001C0C       Get8087CW
 0001:00005238       GetACP
 0001:000056F0       GetActiveWindow
 0001:00048938       GetAnimation
 0001:0004C174       GetAvailableSpaceInBlock
 0001:00005480       GetBitmapBits
 0001:00000370       GetBlockDesc
 0001:00005488       GetBrushOrgEx
 0001:000056F8       GetCapture
 0001:00027E58       GetCaptureControl
 0001:00012320       GetClass
 0001:00005700       GetClassInfo
 0001:00005708       GetClassName
 0001:00005710       GetClientRect
 0001:00005490       GetClipBox
 0001:0000030C       GetCmdShow
 0001:00037524       GetColor
 0001:00024308       GetComCtlVersion
 0001:0000024C       GetCommandLine
 0001:000007BC       GetCommitted
 0001:0000084C       GetCommittedAt
 0001:0002EB98       GetControlAtPos
 0001:000088B4       GetCount
 0001:00005240       GetCPInfo
 0001:00005498       GetCurrentPositionEx
 0001:00005248       GetCurrentProcessId
 0002:00002A38       GetCurrentThemeName
 0001:000002FC       GetCurrentThreadId
 0001:00005250       GetCurrentThreadId
 0001:00005AB4       GetCurrentTime
 0001:00005718       GetCursor
 0001:0004AAF0       GetCursorHeightMargin
 0001:00005720       GetCursorPos
 0001:000088E0       GetDate
 0001:00005258       GetDateFormat
 0001:00009568       GetDateOrder
 0001:00005728       GetDC
 0001:00005730       GetDCEx
 0001:000054A0       GetDCOrgEx
 0001:00020874       GetDefFontCharSet
 0001:00005738       GetDesktopWindow
 0001:000054B8       GetDeviceCaps
 0001:0001D77C       GetDIB
 0001:000054A8       GetDIBColorTable
 0001:000054B0       GetDIBits
 0001:0001D6C4       GetDIBSizes
 0001:0001C9A4       GetDInColors
 0001:00005260       GetDiskFreeSpaceA
 0002:00000140       GetDiskFreeSpaceEx
 0001:00035150       GetDockAlign
 0001:00028800       GetDockSiteAtPos
 0001:00028B2C       GetDropCtl
 0001:000025A8       GetDynaMethod
 0001:0000FA30       GetEnumNameValue
 0001:0000FA7C       GetEnumValue
 0001:00009F78       GetEraNamesAndYearOffsets
 0001:000095FC       GetEraYearOffset
 0001:0000A8A8       GetExceptionClass
 0001:0000AA8C       GetExceptionObject
 0001:000122A8       GetFieldClassTable
 0001:0000ACFC       GetFileVersion
 0001:000053F0       GetFileVersionInfo
 0001:000053F8       GetFileVersionInfoSize
 0001:0004C1A0       GetFirstAndLastSmallBlockInPool
 0001:0004C200       GetFirstMediumBlockInPool
 0001:00005740       GetFocus
 0001:0001B368       GetFontData
 0001:00005748       GetForegroundWindow
 0001:0000B4B0       GetFormatSettings
 0001:00005268       GetFullPathName
 0001:0001A8D4       GetHashCode
 0001:000016D0       GetHeapStatus
 0001:00045EB0       GetHelpInfo
 0001:00021D3C       GetHelpSystem
 0001:0004871C       GetHint
 0001:00048754       GetHintControl
 0001:0003EE78       GetHotkey
 0001:00005750       GetIconInfo
 0001:00005768       GetKeyboardLayout
 0001:00005770       GetKeyboardLayoutList
 0001:00005778       GetKeyboardState
 0001:0000221C       GetKeyboardType
 0001:00005758       GetKeyNameText
 0001:00005760       GetKeyState
 0001:00005780       GetLastActivePopup
 0001:00033418       GetLastChildZone
 0001:00005270       GetLastError
 0001:00009D3C       GetLocaleChar
 0001:00000254       GetLocaleInfo
 0001:00005280       GetLocaleInfo
 0001:00009CF0       GetLocaleStr
 0001:00005278       GetLocalTime
 0001:00027E14       GetLongHint
 0001:0004EB98       GetMemoryLeakType
 0001:000019E8       GetMemoryManager
 0001:00005788       GetMenu
 0001:00045E38       GetMenuHelpContext
 0001:00005790       GetMenuItemCount
 0001:00005798       GetMenuItemID
 0001:000057A0       GetMenuItemInfo
 0001:0003BFC8       GetMenuSize
 0001:000057A8       GetMenuState
 0001:000057B0       GetMenuString
 0001:00005288       GetModuleFileName
 0001:0000025C       GetModuleFileName
 0001:00005290       GetModuleFileNameA
 0001:00000264       GetModuleHandle
 0001:00005298       GetModuleHandle
 0002:00002924       GetMonitorInfo
 0002:00002928       GetMonitorInfoA
 0002:0000292C       GetMonitorInfoW
 0001:00009DA0       GetMonthDayNames
 0001:000057B8       GetNextWindow
 0001:000054C0       GetObject
 0001:0004C144       GetObjectClass
 0001:0000FB50       GetOrdProp
 0001:000054C8       GetPaletteEntries
 0001:000057C0       GetParent
 0001:00041304       GetParentForm
 0001:000054D0       GetPixel
 0001:0004FFA8       GetPluginInfo
 0001:000052A0       GetProcAddress
 0001:0000026C       GetProcAddress
 0001:000057C8       GetProp
 0001:0000FAE0       GetPropInfo
 0001:000417C4       GetRealScrollPosition
 0001:00037504       GetRGBColor
 0001:000057D0       GetScrollInfo
 0001:000057D8       GetScrollPos
 0001:000057E0       GetScrollRange
 0001:00027DD0       GetShortHint
 0001:00000514       GetSpace
 0001:00000578       GetSpaceAt
 0001:00039A54       GetSpecialName
 0002:000014AC       GetStackTrace
 0001:00000274       GetStartupInfo
 0001:000052A8       GetStdHandle
 0001:000001F4       GetStdHandle
 0001:000054D8       GetStockObject
 0001:000052B0       GetStringTypeEx
 0001:000057E8       GetSubMenu
 0001:000057F0       GetSysColor
 0001:000057F8       GetSysColorBrush
 0001:000052B8       GetSystemInfo
 0001:00005800       GetSystemMenu
 0001:00005808       GetSystemMetrics
 0002:00002914       GetSystemMetrics
 0001:000054E0       GetSystemPaletteEntries
 0001:000054E8       GetTextExtentPoint32
 0001:000054F0       GetTextMetrics
 0002:00002A30       GetThemeAppProperties
 0002:0000299C       GetThemeBackgroundContentRect
 0002:000029A0       GetThemeBackgroundExtent
 0002:000029B0       GetThemeBackgroundRegion
 0002:000029D4       GetThemeBool
 0002:000029C8       GetThemeColor
 0002:00002A3C       GetThemeDocumentationProperty
 0002:000029DC       GetThemeEnumValue
 0002:000029FC       GetThemeFilename
 0002:000029E4       GetThemeFont
 0002:000029D8       GetThemeInt
 0002:000029F0       GetThemeIntList
 0002:000029EC       GetThemeMargins
 0002:000029CC       GetThemeMetric
 0002:000029A4       GetThemePartSize
 0002:000029E0       GetThemePosition
 0002:000029F4       GetThemePropertyOrigin
 0002:000029E8       GetThemeRect
 0002:000029D0       GetThemeString
 0002:00002A08       GetThemeSysBool
 0002:00002A00       GetThemeSysColor
 0002:00002A04       GetThemeSysColorBrush
 0002:00002A10       GetThemeSysFont
 0002:00002A18       GetThemeSysInt
 0002:00002A0C       GetThemeSysSize
 0002:00002A14       GetThemeSysString
 0002:000029A8       GetThemeTextExtent
 0002:000029AC       GetThemeTextMetrics
 0001:0004BDA0       GetThreadID
 0001:0000027C       GetThreadLocale
 0001:000052C0       GetThreadLocale
 0001:000052C8       GetTickCount
 0001:00008918       GetTime
 0001:00004ECC       GetTlsSize
 0001:00048EE8       GetTopMostWindows
 0001:00027F60       GetTopParent
 0001:00005810       GetTopWindow
 0001:0000FA24       GetTypeData
 0001:00000304       GetVersion
 0001:000052D0       GetVersion
 0001:000052D8       GetVersionEx
 0001:00005818       GetWindow
 0001:00005820       GetWindowDC
 0001:00005828       GetWindowLong
 0001:000054F8       GetWindowOrgEx
 0001:00005830       GetWindowPlacement
 0001:00005838       GetWindowRect
 0001:00005840       GetWindowText
 0002:00002A24       GetWindowTheme
 0001:00005848       GetWindowThreadProcessId
 0001:00005850       GetWindowThreadProcessId
 0001:000052E0       GlobalAddAtom
 0001:000052E8       GlobalAlloc
 0001:00005AC0       GlobalAllocPtr
 0001:000052F0       GlobalDeleteAtom
 0001:000052F8       GlobalFindAtom
 0002:00002884       GlobalFixupList
 0001:00015630       GlobalFixupReferences
 0001:00005300       GlobalFree
 0001:00005AEC       GlobalFreePtr
 0001:00005310       GlobalHandle
 0001:00005308       GlobalLock
 0002:00002868       GlobalNameSpace
 0001:00005318       GlobalReAlloc
 0001:00005AD0       GlobalReAllocPtr
 0001:00005320       GlobalUnlock
 0001:00020D38       Graphics
 0001:0001249C       GroupDescendentsWith
 0001:000460B8       HandleEdge
 0001:00016A94       HandleException
 0002:00000024       HeapAllocFlags
 0002:000025C0       heapErrorCode
 0002:000025C4       heapLock
 0001:000228E4       HelpIntfs
 0002:00002950       HelpManager
 0002:00002BC8       HelpMsg
 0002:00002AF8       HelpViewer
 0002:00002AFC       HelpViewerIntf
 0002:0000013C       HexDisplayPrefix
 0002:00000D44       HexTable
 0001:000351CC       HideZone
 0002:00002660       HInstance
 0002:00002BB4       HintDoneEvent
 0001:00048824       HintGetMsgHook
 0002:00002BB8       HintHook
 0001:000487C8       HintMouseThread
 0002:00002BBC       HintThread
 0002:00002BB0       HintThreadID
 0001:00048774       HintTimerProc
 0002:00000BAC       HintWindowClass
 0002:000029B4       HitTestThemeBackground
 0001:00048868       HookHintHooks
 0001:00005C58       HwndMSWheel
 0002:00000B40       IBreaks
 0002:00000B4C       IChecks
 0002:00000B54       IDefaults
 0001:0001B358       IdentToCharset
 0001:0001B150       IdentToColor
 0001:00027DC0       IdentToCursor
 0001:00012684       IdentToInt
 0002:00000B5C       IEnables
 0001:0003CD6C       IfHotkeyAvailable
 0002:00002B8C       ImageListWriteExProc
 0001:0000C434       ImageList_Add
 0001:0000C454       ImageList_AddIcon
 0001:0000C478       ImageList_BeginDrag
 0001:0000C41C       ImageList_Create
 0001:0000C424       ImageList_Destroy
 0001:0000C488       ImageList_DragEnter
 0001:0000C490       ImageList_DragLeave
 0001:0000C498       ImageList_DragMove
 0001:0000C4A8       ImageList_DragShowNolock
 0001:0000C460       ImageList_Draw
 0001:0000C468       ImageList_DrawEx
 0001:0000C480       ImageList_EndDrag
 0001:0000C44C       ImageList_GetBkColor
 0001:0000C4B0       ImageList_GetDragImage
 0001:0000C4C8       ImageList_GetIconSize
 0001:0000C42C       ImageList_GetImageCount
 0001:0000C4B8       ImageList_Read
 0001:0000C470       ImageList_Remove
 0001:0000C43C       ImageList_ReplaceIcon
 0001:0000C444       ImageList_SetBkColor
 0001:0000C4A0       ImageList_SetDragCursorImage
 0001:0000C4D0       ImageList_SetIconSize
 0001:0000C4C0       ImageList_Write
 0002:00000AB0       Images
 0001:00038A8C       ImgList
 0001:000218EC       Imm
 0002:00000A94       IMM32DLL
 0001:00035DBC       Imm32IsIME
 0002:0000018C       IMSecsPerDay
 0001:0000DC3C       InBounds
 0001:0000D99C       InBounds
 0001:0000D9CC       Increment
 0001:0000DC6C       Increment
 0001:0004CC30       IncrementAllocationNumber
 0001:00005858       InflateRect
 0001:000240FC       IniFiles
 0001:000009FC       InitAllocator
 0001:00021134       InitAnApi
 0002:0000293C       InitApis
 0001:0001292C       InitComponent
 0002:00002630       InitContext
 0001:00035E58       InitControls
 0001:000208B8       InitDefFontData
 0001:0000B918       InitDriveSpacePtr
 0001:0000AB68       InitExceptions
 0001:00022948       InitFlatSB
 0001:0004B7F0       InitGlobals
 0001:0001D57C       InitializeBitmapInfoHeader
 0001:00005328       InitializeCriticalSection
 0001:00000350       InitializeCriticalSection
 0002:000025BC       initialized
 0001:00022920       InitializeFlatSB
 0001:0004F978       InitializeMemoryManager
 0001:00004FD0       InitializeModule
 0001:0000CB48       InitializeVarUtils
 0001:00035A5C       InitIMM32
 0001:000129D4       InitInheritedComponent
 0001:0000B2C4       InitLeadBytes
 0001:00021810       InitMultiMonStubs
 0001:0000AC6C       InitPlatformId
 0001:00004F18       InitProcessTLS
 0001:0004B200       InitProcs
 0001:0002083C       InitScreenLogPixels
 0001:0000B33C       InitSysLocale
 0001:00022F70       InitThemeLibrary
 0001:000183A0       InitThreadSynchronization
 0001:00004ED4       InitThreadTLS
 0001:00002DFC       InitUnits
 0001:00027AA4       InitWndProc
 0002:00000A34       InnerStyles
 0002:00002048       Input
 0001:0004824C       InsertBefore
 0001:0002D440       InsertBefore
 0001:00000E08       InsertFree
 0001:0003CE20       InsertHotkeyFarEastFormat
 0001:0004C2D4       InsertMediumBlockIntoBin
 0001:00005860       InsertMenu
 0001:00005868       InsertMenuItem
 0001:0004FBE0       InstallMemoryManager
 0002:000028A0       InstBlockList
 0002:000028A4       InstFreeList
 0002:00002878       IntConstList
 0001:000002F4       InterlockedDecrement
 0001:0000B980       InterlockedDecrement
 0001:00005228       InterlockedExchange
 0001:0000B98C       InterlockedExchange
 0001:0000B994       InterlockedExchangeAdd
 0001:0000B974       InterlockedIncrement
 0001:000002EC       InterlockedIncrement
 0001:0001A860       InternalDeletePalette
 0001:00001C3C       InternalFlush
 0001:00000C64       InternalFreeMem
 0001:0001D6CC       InternalGetDIB
 0001:0001D660       InternalGetDIBSizes
 0001:0004C0C4       InternalIsValidClass
 0001:000127C4       InternalReadComponentRes
 0001:0004DF38       InternalScanMemoryPool
 0001:0004DEB4       InternalScanSmallBlockPool
 0002:00002AE0       InternalServices
 0001:00003668       InternalUniqueString
 0001:00005500       IntersectClipRect
 0001:00005870       IntersectRect
 0001:00007090       IntToHex
 0001:000126C4       IntToIdent
 0001:00007068       IntToStr
 0001:00006F7C       IntToStr
 0001:00005878       InvalidateRect
 0001:0001C720       InvalidBitmap
 0001:0004CA94       InvalidFreeMem
 0001:0004C9F8       InvalidGetMem
 0001:0001C708       InvalidGraphic
 0001:0001C72C       InvalidIcon
 0002:00001458       InvalidMemoryManager
 0001:0001C6F0       InvalidOperation
 0001:00011830       InvalidPoint
 0002:00002794       InvalidPointer
 0001:0004CB34       InvalidReallocMem
 0001:00002460       InvokeImplGetter
 0001:00001B9C       IOResult
 0002:00000B7C       IOwnerDraw
 0002:00000B64       IRadios
 0002:00000B74       IRTL
 0001:00041294       IsAccel
 0001:0003DFD0       IsAccelChar
 0002:00002A20       IsAppThemed
 0001:000285B8       IsBeforeTargetWindow
 0001:00005880       IsChild
 0002:00002044       IsConsole
 0001:00028A14       IsDelphiHandle
 0001:00005888       IsDialogMessage
 0002:00000B6C       ISeparators
 0001:00005890       IsIconic
 0001:0003E02C       IsInitialChar
 0001:00008558       IsLeapYear
 0002:00002034       IsLibrary
 0002:00006505       IsMemoryManagerOwner
 0001:00001A20       IsMemoryManagerSet
 0002:00002045       IsMultiThread
 0001:00032E7C       IsOrientationSet
 0001:00005898       IsRectEmpty
 0001:000287BC       IsSiteChildOfClient
 0002:00002A1C       IsThemeActive
 0002:000029C4       IsThemeBackgroundPartiallyTransparent
 0002:00002A2C       IsThemeDialogTextureEnabled
 0002:000029C0       IsThemePartDefined
 0001:000127A0       IsUniqueGlobalComponentName
 0002:0000286C       IsUniqueGlobalComponentNameProc
 0001:00006ECC       IsValidIdent
 0001:0004C048       IsValidVMTAddress
 0001:0000B324       IsWesternGroup
 0001:000058A0       IsWindow
 0001:000058A8       IsWindowEnabled
 0001:000058B0       IsWindowVisible
 0001:000058B8       IsZoomed
 0002:0000651C       ItemObjHP
 0001:00039E20       Iterate
 0001:00039E80       IterateMenus
 0002:0000002C       JITEnable
 0001:00041248       KeyboardStateToShiftState
 0001:0004120C       KeyDataToShiftState
 0001:000411B8       KeysToShiftState
 0001:000058C0       KillTimer
 0002:00004DCC       LargeBlocksCircularList
 0002:00004DC8       LargeBlocksLocked
 0001:0000742C       LastDelimiter
 0002:00006528       lastHP
 0002:00002D3C       LastSequentiallyFedMediumBlock
 0001:0000B250       LCIDToCodePage
 0001:00004CF4       LCIDToCodePage
 0002:0000011C       LeadBytes
 0001:00000360       LeaveCriticalSection
 0001:00005330       LeaveCriticalSection
 0002:00000034       LibModuleList
 0001:00005508       LineTo
 0001:00024260       ListActns
 0001:000295A4       ListAdd
 0001:000295CC       ListRemove
 0002:0000274A       ListSeparator
 0001:000058C8       LoadBitmap
 0001:000058D0       LoadCursor
 0001:000058D8       LoadIcon
 0001:000058E0       LoadKeyboardLayout
 0001:00005338       LoadLibrary
 0001:00000284       LoadLibraryEx
 0001:00005340       LoadResource
 0001:000043FC       LoadResourceModule
 0001:00004C9C       LoadResString
 0001:0000028C       LoadString
 0001:000058E8       LoadString
 0001:00004E90       LocalAlloc
 0001:00000330       LocalAlloc
 0001:00000338       LocalFree
 0001:00004E98       LocalFree
 0001:00009D64       LocalGetLocaleStr
 0002:00002A54       Lock
 0001:0004BBAC       LockCmpxchg
 0001:0004CBD4       LockCmpxchg32
 0001:0004C434       LockLargeBlocks
 0001:0004C240       LockMediumBlocks
 0001:00005348       LockResource
 0001:0004D0AC       LogBlockError
 0001:0004CEEC       LogCurrentThreadAndStackTrace
 0002:000014B4       LogFileExtAnsi
 0001:0004CFB8       LogMemoryDump
 0001:0004D79C       LogMemoryLeakOrAllocatedBlock
 0002:000014B0       LogStackTrace
 0002:0000268C       LongDateFormat
 0002:00002720       LongDayNames
 0002:000026D4       LongMonthNames
 0002:000026A0       LongTimeFormat
 0001:00006CD0       LowerCase
 0001:000053E8       lstrcpy
 0001:00000294       lstrcpyn
 0002:00002844       LVarTypes
 0002:00002848       LVarTypeSync
 0002:0000202C       MainInstance
 0002:00002030       MainThreadID
 0001:000003C0       MakeEmpty
 0001:00002F94       MakeErrorMessage
 0002:00000A80       MakeLast
 0001:00005AA8       MakeLong
 0001:00019644       MakeObjectInstance
 0001:00005B00       MakeROP4
 0001:00005B38       MakeWParam
 0001:0000A828       MapException
 0001:000241D0       Mapi
 0002:000008DC       MAPIDLL
 0002:000008E0       MAPIModule
 0002:00006500       MappingObjectHandle
 0002:00001464       MappingObjectName
 0001:00002C14       MapToRunError
 0001:00005350       MapViewOfFile
 0001:000058F0       MapVirtualKey
 0001:000058F8       MapWindowPoints
 0002:00000AB8       Mask
 0001:00005510       MaskBlt
 0001:00020E74       Math
 0001:00020E3C       Max
 0002:00006524       MaxHP
 0001:00043B4C       MaximizedChildren
 0002:00002D48       MediumBlockBinBitmaps
 0002:00002D44       MediumBlockBinGroupBitmap
 0002:00002DC8       MediumBlockBins
 0002:00002D28       MediumBlockPoolsCircularList
 0002:00002D38       MediumBlocksLocked
 0002:00002D40       MediumSequentialFeedBytesLeft
 0002:0000003C       MemoryManager
 0002:00000AD4       MenuKeyCaps
 0001:0003F048       Menus
 0001:00000410       MergeBlockAfter
 0001:00000EDC       MergeCommit
 0001:00005900       MessageBox
 0001:0000022C       MessageBox
 0001:00005908       MessageBoxA
 0001:0000C3DC       Messages
 0001:00013038       Min
 0001:00020E34       Min
 0001:0002CDC8       MinVar
 0002:000014B8       min_ver_a
 0002:00002944       MMAvailable
 0002:00005D8C       MMLogFileName
 0002:000064F8       MMWindow
 0002:000064FC       MMWindowBE
 0002:00000A98       ModeMap
 0001:00045844       ModifySystemMenu
 0002:000000A4       Module
 0002:0000265D       ModuleIsCpp
 0002:0000265C       ModuleIsLib
 0001:00019614       ModuleUnload
 0002:00000038       ModuleUnloadList
 0002:00002920       MonitorFromPoint
 0002:0000291C       MonitorFromRect
 0002:00002918       MonitorFromWindow
 0002:000000EC       MonthDays
 0002:00002B00       Mouse
 0001:00001BBC       Move
 0001:0004BC38       Move12
 0001:0004BC4C       Move20
 0001:0004BC6C       Move28
 0001:0004BC98       Move36
 0001:0004BCB8       Move44
 0001:0004BCDC       Move52
 0001:0004BD08       Move60
 0001:0004BD38       Move68
 0001:00005518       MoveToEx
 0001:000295EC       MoveWindowOrg
 0001:0004BD70       MoveX16L4
 0001:00005358       MulDiv
 0001:000002A4       MultiByteToWideChar
 0001:0004ACA4       MultiLineWidth
 0001:000218AC       MultiMon
 0002:00002681       NegCurrFormat
 0001:00000F68       NewCommit
 0001:00000F94       NewCommitAt
 0002:000064EC       NewMemoryManager
 0002:00002B04       NewStyleControls
 0001:0000B0D4       NextCharIndex
 0001:0004C1DC       NextMediumBlock
 0001:00032E60       NextVisibleZone
 0002:000003EC       NilMethod
 0002:00000030       NoErrMsg
 0001:0004BDB8       NoOpGetStackTrace
 0001:0004BDC8       NoOpLogStackTrace
 0001:0003AC34       NormalDraw
 0001:000027CC       NotifyAnyExcept
 0001:000027A0       NotifyExcept
 0001:00002800       NotifyExceptFinally
 0001:000128A0       NotifyGlobalLoading
 0001:000046FC       NotifyModuleUnload
 0001:0000277C       NotifyNonDelphiException
 0001:000027B8       NotifyOnExcept
 0001:00002760       NotifyReRaise
 0001:00002828       NotifyTerminate
 0001:00002844       NotifyUnhandled
 0001:0003D9AC       NthParentOf
 0001:0000F7AC       Null
 0002:00000328       NullAsStringValue
 0002:00000324       NullStrictConvert
 0001:00027B5C       ObjectFromHWnd
 0001:00005910       OemToAnsi
 0001:00005918       OffsetRect
 0002:000064E0       OldMemoryManager
 0001:000502D4       OnLoad
 0001:00050384       OnPacket
 0002:0000298C       OpenThemeData
 0002:00000A78       OrientArray
 0002:00000A44       OuterStyles
 0002:00002790       OutOfMemory
 0001:0001C738       OutOfResources
 0002:00002214       Output
 0001:00005360       OutputDebugStringA
 0002:0000032C       PackVarCreation
 0002:000006E8       Pal16
 0001:0001AC44       PaletteChanged
 0001:0001CF24       PaletteFromDIBColorTable
 0001:0001CFC8       PaletteToDIBColorTable
 0002:000006E4       PalSize
 0001:00033244       ParentNotLast
 0001:00005520       PatBlt
 0002:00002908       PatternManager
 0001:00005920       PeekMessage
 0002:000028FC       PenManager
 0002:000006B4       PenModes
 0002:00000694       PenStyles
 0001:000509A0       plugin_demo
 0001:00005078       Point
 0001:000117B8       Point
 0001:00011BF0       PointerInModule
 0001:0002E5B8       PointsEqual
 0001:00005B20       PointToSmallPoint
 0002:00002B90       PopupList
 0001:00005928       PostMessage
 0001:00005930       PostQuitMessage
 0002:00006510       ppck
 0001:0004B368       Printers
 0001:00046F58       ProcessExecute
 0001:000414C4       ProcessHorz
 0001:00047058       ProcessUpdate
 0001:00041530       ProcessVert
 0001:0001592C       PropertyNotFound
 0001:00016B94       PropPathError
 0002:00000BDC       Props
 0001:00015920       PropValueError
 0002:0000650C       ps
 0001:00005938       PtInRect
 0002:000000A0       PtrToNil
 0001:00007D00       PutExponent
 0002:00002B48       QualifyingSites
 0001:0000A7E4       RaiseAssertException
 0001:000001FC       RaiseException
 0001:00005368       RaiseException
 0001:00014940       RaiseException
 0002:00002014       RaiseExceptionProc
 0001:0000B830       RaiseLastOSError
 0001:0004DE9C       RaiseMemoryCorruptionError
 0001:00033FB4       ReadControlName
 0001:00017DD4       ReadCustomVariant
 0001:00015908       ReadError
 0001:00005370       ReadFile
 0001:0001D274       ReadIcon
 0001:00005528       RealizePalette
 0001:00016148       Recover
 0001:000117E0       Rect
 0001:0000505C       Rect
 0001:00005530       RectVisible
 0001:00005940       RedrawWindow
 0002:0000283C       RefAnyProc
 0002:00002A50       ReferenceCount
 0001:000002AC       RegCloseKey
 0001:000051A0       RegCloseKey
 0002:0000287C       RegGroups
 0001:00012394       RegisterClass
 0001:00005948       RegisterClass
 0001:00005950       RegisterClipboardFormat
 0001:0002895C       RegisterDockSite
 0001:00012708       RegisterFindGlobalComponentProc
 0001:000125DC       RegisterIntegerConsts
 0001:00004758       RegisterModule
 0001:00021CB8       RegisterViewer
 0001:00005958       RegisterWindowMessage
 0001:00024164       Registry
 0001:000002B4       RegOpenKeyEx
 0001:000051A8       RegOpenKeyEx
 0001:000002BC       RegQueryValueEx
 0001:000051B0       RegQueryValueEx
 0001:0000C578       RegStr
 0001:00005960       ReleaseCapture
 0001:00005968       ReleaseDC
 0002:00000048       reMap
 0002:00002614       remBytes
 0001:00000480       RemoveBlock
 0002:000003C8       RemoveDataModule
 0001:000157D8       RemoveFixupReferences
 0001:00015884       RemoveFixups
 0001:00015B7C       RemoveGlobalFixup
 0001:0004C284       RemoveMediumFreeBlock
 0001:00005970       RemoveMenu
 0001:0000469C       RemoveModuleUnloadProc
 0001:00004674       RemoveModuleUnloadProc
 0001:00005978       RemoveProp
 0002:0000618C       ReservedBlock
 0001:00005378       ResetEvent
 0001:000183EC       ResetSyncEvent
 0001:0000141C       ResizeInPlace
 0001:00005538       RestoreDC
 0001:00040E64       RestoreFocusState
 0001:000137DC       ReturnAddr
 0001:000399F4       ReturnAddr
 0001:00012B64       ReturnAddr
 0001:0001CCA4       RGBQuadToTriple
 0001:0001CC6C       RGBTripleToQuad
 0001:0002379C       RichEdit
 0002:00002B18       RM_GetObjectInstance
 0002:00002BAC       RM_TaskbarCreated
 0002:00002610       rover
 0002:000008E4       RTFConversionFormat
 0001:0000F9F0       RTLConsts
 0001:00000204       RtlUnwind
 0002:00002018       RTLUnwindProc
 0002:0000006C       runErrMsg
 0001:00001AC4       RunErrorAt
 0001:0000CAFC       SafeArrayCreate
 0001:0000CB04       SafeArrayGetLBound
 0001:0000CB0C       SafeArrayGetUBound
 0001:0000CB14       SafeArrayPtrOfIndex
 0001:0000BE58       SafeLoadLibrary
 0001:00006DB0       SameText
 0001:00005540       SaveDC
 0001:00040E5C       SaveFocusState
 0001:000500A8       Say
 0001:000093EC       ScanBlanks
 0001:00009530       ScanChar
 0001:000096AC       ScanDate
 0001:0004E060       ScanMemoryPoolForCorruptions
 0001:00009410       ScanNumber
 0001:000094A4       ScanString
 0001:000099F0       ScanTime
 0001:000095B4       ScanToNumber
 0002:00002BA4       Screen
 0002:000028B4       ScreenLogPixels
 0001:00005980       ScreenToClient
 0001:0004167C       ScrollBarVisible
 0001:00005988       ScrollWindow
 0001:00000FC8       SearchSmallBlocks
 0001:00005548       SelectObject
 0001:00005550       SelectPalette
 0001:00027BEC       SendAppMessage
 0001:000410CC       SendFocusMessage
 0001:00005990       SendMessage
 0002:00000B38       Separators
 0001:00001BFC       Set8087CW
 0001:00005998       SetActiveWindow
 0001:00048968       SetAnimation
 0001:00005558       SetBkColor
 0001:00005560       SetBkMode
 0001:00005568       SetBrushOrgEx
 0001:000059A0       SetCapture
 0001:00027E80       SetCaptureControl
 0001:000059A8       SetClassLong
 0001:0000F338       SetClearVarToEmptyParam
 0001:000162B8       SetCompName
 0001:000059B0       SetCursor
 0001:0004CE4C       SetDefaultMMLogFileName
 0001:00005570       SetDIBColorTable
 0001:00005380       SetEndOfFile
 0001:00005388       SetErrorMode
 0001:00005390       SetEvent
 0001:00002D54       SetExceptionHandler
 0001:00005398       SetFilePointer
 0001:0000FE54       SetFloatProp
 0001:000059B8       SetFocus
 0001:000059C0       SetForegroundWindow
 0001:00035CE0       SetImeMode
 0001:00001B48       SetInOutRes
 0001:000100D8       SetInt64Prop
 0001:00010114       SetInterfaceProp
 0001:00016E74       SetInterfaceReference
 0001:00016D90       SetIntIdent
 0002:00000BB0       SetLayeredWindowAttributes
 0001:0000FCBC       SetLongStrProp
 0001:00001A04       SetMemoryManager
 0001:000059C8       SetMenu
 0001:000059D0       SetMenuItemInfo
 0001:000100A0       SetMethodProp
 0001:00016DD8       SetObjectIdent
 0001:0000FBC4       SetOrdProp
 0001:000059D8       SetParent
 0001:00005578       SetPixel
 0001:000059E0       SetProp
 0001:000059E8       SetRect
 0001:00005580       SetROP2
 0001:000059F0       SetScrollInfo
 0001:000059F8       SetScrollPos
 0001:00005A00       SetScrollRange
 0001:0000FC20       SetShortStrProp
 0001:0000FC74       SetShortStrPropAsLongStr
 0001:00005588       SetStretchBltMode
 0001:0000FD54       SetStrProp
 0001:00050180       SetStruct
 0001:000160C0       SetSubComponentState
 0001:00005590       SetTextColor
 0002:00002A34       SetThemeAppProperties
 0001:000053A0       SetThreadLocale
 0001:00005A08       SetTimer
 0001:0000F320       SetVarAsError
 0001:00010060       SetVariantProp
 0001:00016E18       SetVariantReference
 0001:00005598       SetViewportOrgEx
 0001:0004A7B4       SetVisible
 0001:0000FD80       SetWideStrProp
 0001:0000FCFC       SetWideStrPropAsLongStr
 0001:00005A10       SetWindowLong
 0001:00005A18       SetWindowLongA
 0001:000055A0       SetWindowOrgEx
 0001:00005A20       SetWindowPlacement
 0001:00005A28       SetWindowPos
 0001:00005A30       SetWindowsHookEx
 0002:000029F8       SetWindowTheme
 0002:00000158       ShareMode
 0001:0000C540       ShellAPI
 0002:00002AD0       ShellModule
 0001:0000C620       ShlObj
 0001:00039A1C       ShortCut
 0002:00002B94       ShortCutItems
 0001:00039AA8       ShortCutToText
 0002:00002688       ShortDateFormat
 0002:00002704       ShortDayNames
 0002:000026A4       ShortMonthNames
 0002:0000269C       ShortTimeFormat
 0002:00000C10       ShowCommands
 0002:00000C28       ShowCommands
 0002:00000C1C       ShowCommands
 0001:00005A38       ShowCursor
 0001:0000A3E4       ShowException
 0002:00000A2C       ShowFlags
 0002:00000CC4       ShowFlags
 0002:00006506       ShowingMessageBox
 0001:00040E6C       ShowMDIClientEdge
 0001:0004C014       ShowMessageBox
 0001:00005A40       ShowOwnedPopups
 0001:00005A48       ShowScrollBar
 0001:00005A50       ShowWindow
 0001:00048990       ShowWinNoAnimate
 0001:0003524C       ShowZone
 0002:00000A8C       SizeCursors
 0001:000053A8       SizeofResource
 0001:00017908       SkipBinary
 0001:00017938       SkipCollection
 0001:000178E0       SkipList
 0001:0000B828       Sleep
 0001:000053B0       Sleep
 0002:00000D78       SmallBlockTypes
 0001:000117D0       SmallPoint
 0001:00005B0C       SmallPointToPoint
 0002:0000261C       smallTab
 0002:000025E4       spaceRoot
 0002:00000D58       StandardVirtualMethodNames
 0001:0004CBDC       StartChangingFullDebugModeBlock
 0001:00012450       StartClassGroup
 0001:00050194       StatsUpdate
 0002:00006531       StatusHP
 0001:00024F8C       StdActns
 0001:00024E24       StdCtrls
 0001:0001961C       StdWndProc
 0002:000028BC       StockBrush
 0002:000028C0       StockFont
 0002:000028C4       StockIcon
 0002:000028B8       StockPen
 0001:00007750       StrAlloc
 0001:00007764       StrBufSize
 0001:0000AE84       StrByteType
 0001:0000B070       StrCharLength
 0001:00007640       StrComp
 0001:000075A0       StrCopy
 0001:0000779C       StrDispose
 0001:000381D8       StreamsEqual
 0001:0000757C       StrEnd
 0001:000055A8       StretchBlt
 0001:00007BAC       StrFmt
 0001:00007664       StrIComp
 0001:000147DC       StringListCompareStrings
 0001:0003EDE4       StripHotkey
 0001:000075C8       StrLCopy
 0001:00007564       StrLen
 0001:0004BB7C       StrLen
 0001:00007BEC       StrLFmt
 0001:000076A4       StrLIComp
 0001:00007590       StrMove
 0001:00007770       StrNew
 0001:0000B090       StrNextChar
 0001:000075FC       StrPCopy
 0001:00007620       StrPLCopy
 0001:000076FC       StrPos
 0001:000076E8       StrScan
 0001:000070B8       StrToInt
 0001:000070F4       StrToIntDef
 0001:00023F64       StrUtils
 0002:00000C04       Styles
 0001:0004CE80       SumCardinals
 0001:0000BDC0       Supports
 0001:0000BD9C       Supports
 0002:00002BD8       SuppressMessageBoxes
 0002:00002870       SyncEvent
 0002:000003F4       SyncList
 0001:00022DA8       SyncObjs
 0001:000002D4       SysAllocStringLen
 0001:00006090       SysConst
 0002:00000BD4       SysConsts
 0002:00000BCC       SysConsts
 0001:00009CA4       SysErrorMessage
 0001:00001278       SysFreeMem
 0001:000002E4       SysFreeString
 0001:000010E8       SysGetMem
 0001:00005054       SysInit
 0002:0000273C       SysLocale
 0001:000015F8       SysReallocMem
 0001:000002DC       SysReAllocStringLen
 0001:00004DBC       System
 0002:000028AC       SystemPalette16
 0001:0001CE8C       SystemPaletteOverride
 0001:00005A58       SystemParametersInfo
 0001:0000C32C       SysUtils
 0001:00036B74       TActionLink.IsCaptionLinked
 0001:00036B88       TActionLink.IsCheckedLinked
 0001:00036B9C       TActionLink.IsEnabledLinked
 0001:00036BB0       TActionLink.IsGroupIndexLinked
 0001:00036BC4       TActionLink.IsHelpContextLinked
 0001:00036BD8       TActionLink.IsHelpLinked
 0001:00036BEC       TActionLink.IsHintLinked
 0001:00036C00       TActionLink.IsImageIndexLinked
 0001:00036C14       TActionLink.IsShortCutLinked
 0001:00036C28       TActionLink.IsVisibleLinked
 0001:00036C3C       TActionLink.SetAutoCheck
 0001:00036C40       TActionLink.SetCaption
 0001:00036C44       TActionLink.SetChecked
 0001:00036C48       TActionLink.SetEnabled
 0001:00036C4C       TActionLink.SetGroupIndex
 0001:00036C50       TActionLink.SetHelpContext
 0001:00036C54       TActionLink.SetHelpKeyword
 0001:00036C58       TActionLink.SetHelpType
 0001:00036C5C       TActionLink.SetHint
 0001:00036C60       TActionLink.SetImageIndex
 0001:00036C64       TActionLink.SetShortCut
 0001:00036C68       TActionLink.SetVisible
 0001:0004AD50       TApplication.ActivateHint
 0001:00049B28       TApplication.BringToFront
 0001:0004AAB8       TApplication.CancelHint
 0001:0004910C       TApplication.CheckIniChange
 0001:00048E88       TApplication.ControlDestroyed
 0001:000489D0       TApplication.Create
 0001:00048CD8       TApplication.CreateHandle
 0001:00048BBC       TApplication.Destroy
 0001:0004B120       TApplication.DispatchAction
 0001:0004A484       TApplication.DoActionIdle
 0001:0004A4E8       TApplication.DoMouseIdle
 0001:00048F58       TApplication.DoNormalizeTopMosts
 0001:0004B1B0       TApplication.ExecuteAction
 0001:0004B0E4       TApplication.GetCurrentHelpFile
 0001:0004995C       TApplication.GetIconHandle
 0001:00049B64       TApplication.GetTitle
 0001:00049F24       TApplication.HandleException
 0001:00049E14       TApplication.HandleMessage
 0001:0004A42C       TApplication.HelpCommand
 0001:0004A3C4       TApplication.HelpContext
 0001:0004A35C       TApplication.HelpKeyword
 0001:0004AA74       TApplication.HideHint
 0001:0004A92C       TApplication.HintMouseMessage
 0001:0004AA3C       TApplication.HintTimerExpired
 0001:00049E38       TApplication.HookMainWindow
 0001:0004B25C       TApplication.HookSynchronizeWakeup
 0001:0004A6BC       TApplication.IconChanged
 0001:0004A560       TApplication.Idle
 0001:0004A1F4       TApplication.InvokeHelp
 0001:00049BB0       TApplication.IsDlgMsg
 0001:00049CDC       TApplication.IsHintMsg
 0001:00049C24       TApplication.IsKeyMsg
 0001:00049BD4       TApplication.IsMDIMsg
 0001:00049D10       TApplication.IsShortCut
 0001:00049FB4       TApplication.MessageBox
 0001:00049978       TApplication.Minimize
 0001:00049034       TApplication.ModalFinished
 0001:00049008       TApplication.ModalStarted
 0001:00049068       TApplication.NormalizeAllTopMosts
 0001:00049060       TApplication.NormalizeTopMosts
 0001:0004A680       TApplication.NotifyForms
 0001:00049D7C       TApplication.ProcessMessage
 0001:00049A28       TApplication.Restore
 0001:00049070       TApplication.RestoreTopMosts
 0001:0004A720       TApplication.SetHint
 0001:0004A434       TApplication.SetShowHint
 0001:00049164       TApplication.SettingChange
 0001:0004A11C       TApplication.ShowException
 0001:0004A8C0       TApplication.StartHintTimer
 0001:0004A904       TApplication.StopHintTimer
 0001:00049F10       TApplication.Terminate
 0001:00049E94       TApplication.UnhookMainWindow
 0001:0004B26C       TApplication.UnhookSynchronizeWakeup
 0001:0004B1D8       TApplication.UpdateAction
 0001:0004A810       TApplication.UpdateVisible
 0001:000490F4       TApplication.UseRightToLeftAlignment
 0001:000490DC       TApplication.UseRightToLeftReading
 0001:0004A898       TApplication.ValidateHelpSystem
 0001:0004B24C       TApplication.WakeMainThread
 0001:00049258       TApplication.WndProc
 0002:00000BBC       TaskActiveWindow
 0002:00000BC4       TaskFirstTopMost
 0002:00000BC0       TaskFirstWindow
 0002:00000BC8       TaskWindowList
 0001:000282D0       TBaseDragControlObject.Assign
 0001:000282AC       TBaseDragControlObject.Create
 0001:000282FC       TBaseDragControlObject.EndDrag
 0001:00028328       TBaseDragControlObject.Finished
 0001:00019020       TBasicAction.Change
 0001:00018EBC       TBasicAction.Create
 0001:00018F00       TBasicAction.Destroy
 0001:00018F8C       TBasicAction.Execute
 0001:00018F5C       TBasicAction.ExecuteTarget
 0001:00018F58       TBasicAction.HandlesTarget
 0001:00018F60       TBasicAction.Notification
 0001:00019034       TBasicAction.RegisterChanges
 0001:00019080       TBasicAction.SetActionComponent
 0001:00018FC4       TBasicAction.SetOnExecute
 0001:00019040       TBasicAction.UnRegisterChanges
 0001:00018FA8       TBasicAction.Update
 0001:00018F88       TBasicAction.UpdateTarget
 0001:00018E0C       TBasicActionLink.AssignClient
 0001:00018E44       TBasicActionLink.Change
 0001:00018DC8       TBasicActionLink.Create
 0001:00018E10       TBasicActionLink.Destroy
 0001:00018E5C       TBasicActionLink.Execute
 0001:00018EA4       TBasicActionLink.IsOnExecuteLinked
 0001:00018E78       TBasicActionLink.SetAction
 0001:00018EA8       TBasicActionLink.SetOnExecute
 0001:00018EB0       TBasicActionLink.Update
 0001:0001EBE4       TBitmap.Assign
 0001:0001EDB8       TBitmap.Changed
 0001:0001ED94       TBitmap.Changing
 0001:0001ECD4       TBitmap.CopyImage
 0001:0001EB40       TBitmap.Create
 0001:0001EBA8       TBitmap.Destroy
 0001:0001F244       TBitmap.DIBNeeded
 0001:0001EDC4       TBitmap.Dormant
 0001:0001EE38       TBitmap.Draw
 0001:0001F2B8       TBitmap.FreeContext
 0001:0001F088       TBitmap.FreeImage
 0001:0001F108       TBitmap.GetCanvas
 0001:0001F0EC       TBitmap.GetEmpty
 0001:0001F150       TBitmap.GetHandle
 0001:0001F174       TBitmap.GetHandleType
 0001:0001F1A0       TBitmap.GetHeight
 0001:0001F1B0       TBitmap.GetMaskHandle
 0001:0001F1C4       TBitmap.GetMonochrome
 0001:0001F1E0       TBitmap.GetPalette
 0001:0001F1F4       TBitmap.GetTransparentColor
 0001:0001F23C       TBitmap.GetWidth
 0001:0001F2C8       TBitmap.HandleNeeded
 0001:0001F480       TBitmap.LoadFromClipboardFormat
 0001:0001F504       TBitmap.LoadFromStream
 0001:0001F368       TBitmap.MaskHandleNeeded
 0001:0001F528       TBitmap.NewImage
 0001:0001F3C8       TBitmap.PaletteNeeded
 0001:0001F628       TBitmap.ReadData
 0001:0001F650       TBitmap.ReadDIB
 0001:0001FBB8       TBitmap.ReadStream
 0001:000202E8       TBitmap.SaveToClipboardFormat
 0001:000202E0       TBitmap.SaveToStream
 0001:0001FC28       TBitmap.SetHandle
 0001:0001FCEC       TBitmap.SetHandleType
 0001:0001FE24       TBitmap.SetHeight
 0001:0001FE78       TBitmap.SetMonochrome
 0001:0001FEF8       TBitmap.SetPalette
 0001:0001FFCC       TBitmap.SetWidth
 0001:00020020       TBitmap.WriteData
 0001:00020028       TBitmap.WriteStream
 0001:0001DEA4       TBitmapCanvas.Create
 0001:0001DFAC       TBitmapCanvas.CreateHandle
 0001:0001DEE0       TBitmapCanvas.Destroy
[...]
  5749 0001:0004CAB7  5751 0001:0004CAC7  5752 0001:0004CACA  5759 0001:0004CB34
  5761 0001:0004CB3D  5764 0001:0004CB47  5765 0001:0004CB57  5767 0001:0004CB67
  5768 0001:0004CB69  5806 0001:0004CBD4  5807 0001:0004CBD8  5814 0001:0004CBDC
  5818 0001:0004CBE6  5819 0001:0004CBE8  5825 0001:0004CBFC  5827 0001:0004CC03
  5828 0001:0004CC05  5833 0001:0004CC19  5815 0001:0004CC20  5836 0001:0004CC22
  5840 0001:0004CC28  5841 0001:0004CC2F  5846 0001:0004CC30  5847 0001:0004CC37
  5852 0001:0004CC38  5856 0001:0004CC41  5859 0001:0004CC51  5861 0001:0004CC58
  5863 0001:0004CC68  5853 0001:0004CC6F  5866 0001:0004CC71  5871 0001:0004CC74
  5872 0001:0004CC7D  5873 0001:0004CC84  5876 0001:0004CC88  5878 0001:0004CC8B
  5879 0001:0004CC95  5887 0001:0004CC98  5889 0001:0004CCA9  5891 0001:0004CCC7
  5894 0001:0004CCCF  5896 0001:0004CCDB  5897 0001:0004CCF2  5899 0001:0004CD05
  5900 0001:0004CD11  5901 0001:0004CD21  5902 0001:0004CD24  5903 0001:0004CD25
  5904 0001:0004CD35  5905 0001:0004CD38  5906 0001:0004CD39  5907 0001:0004CD49
  5908 0001:0004CD4C  5909 0001:0004CD4D  5910 0001:0004CD5D  5911 0001:0004CD60
  5912 0001:0004CD61  5914 0001:0004CD6B  5915 0001:0004CD6E  5917 0001:0004CD6F
  5918 0001:0004CD7F  5919 0001:0004CD82  5920 0001:0004CD83  5922 0001:0004CD8D
  5923 0001:0004CD90  5925 0001:0004CD91  5927 0001:0004CDA1  5928 0001:0004CDB4
  5929 0001:0004CDC7  5931 0001:0004CDE3  5933 0001:0004CDF4  5935 0001:0004CDFA
  5943 0001:0004CE4C  5945 0001:0004CE50  5947 0001:0004CE5C  5950 0001:0004CE60
  5952 0001:0004CE7C  6027 0001:0004CE80  6028 0001:0004CE82  6030 0001:0004CE84
  6031 0001:0004CE87  6032 0001:0004CE8A  6033 0001:0004CE8C  6040 0001:0004CE90
  6041 0001:0004CE92  6043 0001:0004CE94  6044 0001:0004CE9B  6045 0001:0004CE9D
  6046 0001:0004CEA0  6048 0001:0004CEA2  6049 0001:0004CEA5  6054 0001:0004CEA8
  6055 0001:0004CEAC  6058 0001:0004CEC3  6063 0001:0004CEC8  6064 0001:0004CECE
  6065 0001:0004CED5  6066 0001:0004CED8  6067 0001:0004CEE7  6072 0001:0004CEEC
  6074 0001:0004CEF5  6076 0001:0004CF06  6077 0001:0004CF19  6079 0001:0004CF27
  6080 0001:0004CF3A  6081 0001:0004CF4E  6087 0001:0004CFB8  6088 0001:0004CFC1
  6089 0001:0004CFD0  6090 0001:0004CFE1  6091 0001:0004CFE4  6093 0001:0004CFE5
  6094 0001:0004CFE7  6096 0001:0004CFE9  6098 0001:0004CFEE  6099 0001:0004CFF1
  6100 0001:0004CFF2  6101 0001:0004CFF5  6105 0001:0004CFF8  6106 0001:0004CFFB
  6109 0001:0004CFFC  6110 0001:0004D000  6111 0001:0004D00D  6112 0001:0004D00E
  6113 0001:0004D019  6115 0001:0004D01A  6116 0001:0004D01B  6094 0001:0004D01C
  6118 0001:0004D024  6119 0001:0004D02D  6121 0001:0004D02F  6123 0001:0004D034
  6124 0001:0004D037  6125 0001:0004D038  6126 0001:0004D03B  6130 0001:0004D03E
  6131 0001:0004D041  6132 0001:0004D042  6133 0001:0004D045  6136 0001:0004D046
  6137 0001:0004D04A  6138 0001:0004D04F  6140 0001:0004D054  6141 0001:0004D056
  6143 0001:0004D057  6144 0001:0004D058  6119 0001:0004D059  6145 0001:0004D061
  6158 0001:0004D0AC  6160 0001:0004D0D2  6161 0001:0004D0E9  6162 0001:0004D0FB
  6163 0001:0004D110  6164 0001:0004D125  6165 0001:0004D13A  6167 0001:0004D14D
  6169 0001:0004D160  6172 0001:0004D16A  6175 0001:0004D170  6176 0001:0004D175
  6178 0001:0004D18A  6182 0001:0004D19F  6185 0001:0004D1B2  6186 0001:0004D1B7
  6188 0001:0004D1CC  6189 0001:0004D1DF  6191 0001:0004D1EB  6193 0001:0004D1F1
  6194 0001:0004D1F6  6196 0001:0004D20B  6197 0001:0004D21E  6198 0001:0004D22A
  6199 0001:0004D23D  6202 0001:0004D24F  6203 0001:0004D25A  6205 0001:0004D26A
  6206 0001:0004D27D  6220 0001:0004D289  6222 0001:0004D29C  6223 0001:0004D2AF
  6224 0001:0004D2BE  6225 0001:0004D2C8  6227 0001:0004D2CD  6244 0001:0004D2D9
  6246 0001:0004D2DF  6247 0001:0004D2F2  6250 0001:0004D2FE  6251 0001:0004D311
  6256 0001:0004D31F  6258 0001:0004D325  6259 0001:0004D338  6262 0001:0004D344
  6263 0001:0004D357  6266 0001:0004D363  6268 0001:0004D369  6269 0001:0004D37C
  6270 0001:0004D388  6271 0001:0004D39B  6277 0001:0004D3AF  6280 0001:0004D3C2
  6282 0001:0004D3E2  6284 0001:0004D3ED  6285 0001:0004D3F0  6286 0001:0004D3F1
  6287 0001:0004D3F4  6289 0001:0004D3F5  6292 0001:0004D3F8  6295 0001:0004D40D
  6299 0001:0004D419  6300 0001:0004D429  6302 0001:0004D43A  6314 0001:0004D79C
  6316 0001:0004D7B9  6317 0001:0004D7BD  6319 0001:0004D7D6  6320 0001:0004D7ED
  6322 0001:0004D802  6324 0001:0004D80F  6327 0001:0004D817  6329 0001:0004D81D
  6330 0001:0004D830  6331 0001:0004D83C  6332 0001:0004D84F  6334 0001:0004D861
  6336 0001:0004D874  6337 0001:0004D880  6338 0001:0004D889  6340 0001:0004D88B
  6353 0001:0004D894  6355 0001:0004D89A  6356 0001:0004D8AD  6359 0001:0004D8B9
  6360 0001:0004D8CC  6365 0001:0004D8DA  6366 0001:0004D8DD  6367 0001:0004D8DE
  6368 0001:0004D8E1  6369 0001:0004D8E2  6372 0001:0004D8F5  6374 0001:0004D900
  6375 0001:0004D903  6376 0001:0004D904  6377 0001:0004D907  6379 0001:0004D908
  6381 0001:0004D90B  6382 0001:0004D920  6390 0001:0004DAA8  6391 0001:0004DAB9
  6392 0001:0004DAC2  6394 0001:0004DAC8  6397 0001:0004DAE9  6400 0001:0004DAEF
  6402 0001:0004DAFF  6405 0001:0004DB17  6408 0001:0004DB28  6410 0001:0004DB2A
  6412 0001:0004DB38  6413 0001:0004DB48  6416 0001:0004DB4C  6417 0001:0004DB4E
  6420 0001:0004DB58  6422 0001:0004DB61  6423 0001:0004DB6A  6425 0001:0004DB6F
  6426 0001:0004DB74  6429 0001:0004DB82  6430 0001:0004DB90  6432 0001:0004DB9A
  6435 0001:0004DBB5  6437 0001:0004DBCB  6439 0001:0004DBD3  6441 0001:0004DBDA
  6443 0001:0004DBE9  6444 0001:0004DBEE  6446 0001:0004DBF6  6448 0001:0004DC0A
  6450 0001:0004DC0D  6452 0001:0004DC15  6456 0001:0004DC1A  6461 0001:0004DC2C
  6463 0001:0004DC3C  6468 0001:0004DC44  6470 0001:0004DC4D  6471 0001:0004DC5A
  6473 0001:0004DC78  6475 0001:0004DC82  6480 0001:0004DC86  6482 0001:0004DC92
  6484 0001:0004DC94  6489 0001:0004DC98  6491 0001:0004DCA1  6492 0001:0004DCAA
  6494 0001:0004DCAF  6497 0001:0004DCB7  6500 0001:0004DCC4  6501 0001:0004DCC9
  6503 0001:0004DCD7  6505 0001:0004DCDE  6507 0001:0004DCF1  6509 0001:0004DCF9
  6511 0001:0004DCFE  6514 0001:0004DD0D  6516 0001:0004DD14  6518 0001:0004DD1B
  6521 0001:0004DD32  6526 0001:0004DD3F  6528 0001:0004DD49  6536 0001:0004DD50
  6538 0001:0004DD5E  6539 0001:0004DD67  6541 0001:0004DD6C  6544 0001:0004DD79
  6547 0001:0004DD8B  6550 0001:0004DD93  6553 0001:0004DDA6  6554 0001:0004DDB1
  6557 0001:0004DDB7  6558 0001:0004DDBC  6562 0001:0004DDCA  6564 0001:0004DDD2
  6565 0001:0004DDDB  6567 0001:0004DDE4  6570 0001:0004DDF6  6573 0001:0004DE03
  6574 0001:0004DE09  6575 0001:0004DE0E  6577 0001:0004DE11  6579 0001:0004DE1D
  6583 0001:0004DE27  6589 0001:0004DE2E  6590 0001:0004DE33  6593 0001:0004DE41
  6597 0001:0004DE5B  6599 0001:0004DE64  6602 0001:0004DE79  6605 0001:0004DE86
  6610 0001:0004DE8E  6612 0001:0004DE96  6626 0001:0004DE9C  6628 0001:0004DE9F
  6631 0001:0004DEA6  6634 0001:0004DEAB  6638 0001:0004DEB2  6646 0001:0004DEB4
  6648 0001:0004DEC7  6653 0001:0004DED5  6655 0001:0004DEDD  6657 0001:0004DEEA
  6660 0001:0004DEF9  6664 0001:0004DF04  6669 0001:0004DF0B  6670 0001:0004DF1E
  6673 0001:0004DF23  6650 0001:0004DF2B  6675 0001:0004DF32  6686 0001:0004DF38
  6690 0001:0004DF47  6691 0001:0004DF4C  6693 0001:0004DF5A  6696 0001:0004DF65
  6697 0001:0004DF6E  6699 0001:0004DF72  6701 0001:0004DF79  6704 0001:0004DF81
  6707 0001:0004DF89  6711 0001:0004DF98  6713 0001:0004DFA5  6716 0001:0004DFB2
  6720 0001:0004DFBD  6726 0001:0004DFC4  6727 0001:0004DFD6  6730 0001:0004DFDB
  6697 0001:0004DFE4  6733 0001:0004DFE8  6694 0001:0004DFEB  6736 0001:0004DFF7
  6739 0001:0004DFFF  6741 0001:0004E00F  6744 0001:0004E021  6748 0001:0004E02C
  6750 0001:0004E031  6737 0001:0004E034  6754 0001:0004E049  6756 0001:0004E056
  6779 0001:0004E060  6781 0001:0004E063  6782 0001:0004E06D  6792 0001:0004E070
  6793 0001:0004E08E  6794 0001:0004E0AC  6795 0001:0004E0CA  6796 0001:0004E0E8
  6798 0001:0004E106  6799 0001:0004E124  6800 0001:0004E142  6801 0001:0004E160
  6802 0001:0004E17E  6804 0001:0004E19C  6805 0001:0004E1BA  6806 0001:0004E1D8
  6807 0001:0004E1F6  6808 0001:0004E214  6810 0001:0004E232  6811 0001:0004E250
  6812 0001:0004E26E  6813 0001:0004E28C  6814 0001:0004E2AA  6816 0001:0004E2C8
  6817 0001:0004E2E6  6818 0001:0004E304  6819 0001:0004E322  6820 0001:0004E340
  6822 0001:0004E35E  6823 0001:0004E37C  6824 0001:0004E39A  6825 0001:0004E3B8
  6826 0001:0004E3D6  6828 0001:0004E3F4  6829 0001:0004E412  6830 0001:0004E430
  6831 0001:0004E44E  6832 0001:0004E46C  6834 0001:0004E48A  6835 0001:0004E4A8
  6836 0001:0004E4C6  6837 0001:0004E4E4  6838 0001:0004E502  6840 0001:0004E520
  6841 0001:0004E525  6853 0001:0004E528  6855 0001:0004E55D  6857 0001:0004E574
  6859 0001:0004E57C  6861 0001:0004E584  6863 0001:0004E59B  6866 0001:0004E5AB
  6867 0001:0004E5B5  6869 0001:0004E5C2  6870 0001:0004E5D5  6873 0001:0004E5E0
  6874 0001:0004E5F3  6876 0001:0004E5F9  6880 0001:0004E644  6881 0001:0004E657
  6884 0001:0004E663  6886 0001:0004E670  6887 0001:0004E683  6890 0001:0004E691
  6892 0001:0004E697  6893 0001:0004E6AA  6896 0001:0004E6B6  6897 0001:0004E6C9
  6899 0001:0004E6D5  6901 0001:0004E6DB  6902 0001:0004E6EE  6903 0001:0004E6FA
  6904 0001:0004E70D  6907 0001:0004E71F  6909 0001:0004E725  6910 0001:0004E738
  6911 0001:0004E744  6912 0001:0004E757  6918 0001:0004E76B  6921 0001:0004E77E
  6923 0001:0004E78C  6925 0001:0004E797  6926 0001:0004E79A  6927 0001:0004E79B
  6928 0001:0004E79E  6930 0001:0004E79F  6933 0001:0004E7A2  6936 0001:0004E7B7
  6940 0001:0004E7C3  6941 0001:0004E7D3  6944 0001:0004E7E4  6945 0001:0004E814
  6995 0001:0004EA5C  6997 0001:0004EA60  6999 0001:0004EA64  7000 0001:0004EA66
  7003 0001:0004EA6E  7005 0001:0004EA76  7006 0001:0004EA78  7011 0001:0004EA7D
  7024 0001:0004EAB0  7026 0001:0004EAC0  7028 0001:0004EAC3  7031 0001:0004EAC9
  7032 0001:0004EAD0  7033 0001:0004EAD4  7034 0001:0004EADA  7036 0001:0004EAE2
  7038 0001:0004EAE7  7039 0001:0004EAF2  7041 0001:0004EAFA  7043 0001:0004EAFE
  7046 0001:0004EB03  7047 0001:0004EB0A  7000 0001:0004EB0C  7051 0001:0004EB14
  7054 0001:0004EB1A  7055 0001:0004EB23  7057 0001:0004EB27  7061 0001:0004EB35
  7063 0001:0004EB45  7064 0001:0004EB52  7073 0001:0004EB5A  7075 0001:0004EB67
  7076 0001:0004EB69  7078 0001:0004EB6D  7079 0001:0004EB73  7080 0001:0004EB77
  7081 0001:0004EB79  7085 0001:0004EB7E  7086 0001:0004EB83  7087 0001:0004EB87
  7088 0001:0004EB89  7090 0001:0004EB8B  7092 0001:0004EB92  7359 0001:0004EB98
  7361 0001:0004EBA5  7362 0001:0004EBA7  7365 0001:0004EBB0  7366 0001:0004EBB3
  7370 0001:0004EBB8  7371 0001:0004EBBD  7372 0001:0004EBC4  7374 0001:0004EBDA
  7375 0001:0004EBDC  7378 0001:0004EBDE  7380 0001:0004EBE3  7396 0001:0004EBEE
  7397 0001:0004EBF1  7399 0001:0004EC07  7400 0001:0004EC09  7403 0001:0004EC0B
  7404 0001:0004EC10  7405 0001:0004EC26  7407 0001:0004EC2A  7425 0001:0004EC34
  7427 0001:0004EC3F  7429 0001:0004EC4B  7432 0001:0004EC52  7433 0001:0004EC5D
  7435 0001:0004EC6D  7440 0001:0004EC7F  7443 0001:0004EC8B  7450 0001:0004EC9D
  7453 0001:0004ECAB  7455 0001:0004ECB1  7458 0001:0004ECBB  7460 0001:0004ECDC
  7467 0001:0004ECE6  7470 0001:0004ECEF  7472 0001:0004ECF1  7474 0001:0004ECF8
  7507 0001:0004ED00  7510 0001:0004ED0E  7516 0001:0004ED14  7522 0001:0004ED19
  7525 0001:0004ED27  7527 0001:0004ED31  7531 0001:0004ED4F  7534 0001:0004ED51
  7537 0001:0004ED54  7538 0001:0004ED5A  7540 0001:0004ED61  7541 0001:0004ED73
  7538 0001:0004ED76  7544 0001:0004ED79  7546 0001:0004ED85  7552 0001:0004ED8C
  7553 0001:0004ED92  7555 0001:0004ED99  7556 0001:0004EDAC  7553 0001:0004EDB0
  7559 0001:0004EDB3  7561 0001:0004EDC0  7573 0001:0004EDC7  7576 0001:0004EDCC
  7585 0001:0004EDDA  7574 0001:0004EDDB  7587 0001:0004EDE3  7588 0001:0004EDEB
  7590 0001:0004EDF3  7593 0001:0004EDF5  7601 0001:0004EDFE  7605 0001:0004EE0E
  7437 0001:0004EE17  7607 0001:0004EE23  7610 0001:0004EE2C  7613 0001:0004EE51
  7614 0001:0004EE63  7616 0001:0004EE75  7618 0001:0004EE7D  7621 0001:0004EE84
  7624 0001:0004EE8F  7625 0001:0004EE98  7627 0001:0004EEA0  7629 0001:0004EEA7
  7632 0001:0004EEB3  7634 0001:0004EEC0  7637 0001:0004EEC8  7641 0001:0004EED6
  7647 0001:0004EEF3  7649 0001:0004EEF9  7652 0001:0004EEFF  7654 0001:0004EF0E
  7657 0001:0004EF2C  7659 0001:0004EF35  7662 0001:0004EF3E  7666 0001:0004EF47
  7667 0001:0004EF54  7678 0001:0004EF5C  7682 0001:0004EF6A  7625 0001:0004EF73
  7685 0001:0004EF7B  7622 0001:0004EF7E  7688 0001:0004EF8A  7691 0001:0004EF97
  7694 0001:0004EFA2  7700 0001:0004EFC2  7702 0001:0004EFCE  7705 0001:0004EFD4
  7707 0001:0004EFE6  7710 0001:0004F004  7712 0001:0004F00D  7715 0001:0004F019
  7719 0001:0004F022  7720 0001:0004F02F  7724 0001:0004F035  7692 0001:0004F038
  7727 0001:0004F044  7730 0001:0004F051  7731 0001:0004F058  7733 0001:0004F060
  7735 0001:0004F075  7737 0001:0004F095  7739 0001:0004F0A7  7740 0001:0004F0B1
  7741 0001:0004F0BA  7743 0001:0004F0C2  7745 0001:0004F0C9  7749 0001:0004F0D6
  7752 0001:0004F0E4  7755 0001:0004F0ED  7757 0001:0004F0F6  7758 0001:0004F106
  7761 0001:0004F10D  7763 0001:0004F116  7764 0001:0004F119  7765 0001:0004F11A
  7766 0001:0004F11D  7767 0001:0004F11E  7768 0001:0004F12B  7769 0001:0004F12E
  7770 0001:0004F12F  7771 0001:0004F132  7772 0001:0004F133  7773 0001:0004F136
  7774 0001:0004F137  7775 0001:0004F144  7776 0001:0004F154  7780 0001:0004F15D
  7781 0001:0004F160  7782 0001:0004F161  7783 0001:0004F164  7786 0001:0004F165
  7790 0001:0004F173  7795 0001:0004F185  7800 0001:0004F197  7819 0001:0004F1A9
  7826 0001:0004F1B2  7827 0001:0004F1B5  7828 0001:0004F1B6  7829 0001:0004F1B9
  7830 0001:0004F1BA  7831 0001:0004F1BD  7832 0001:0004F1BE  7834 0001:0004F1C6
  7745 0001:0004F1CA  7835 0001:0004F1D3  7836 0001:0004F1DF  7735 0001:0004F1F0
  7838 0001:0004F1FC  7841 0001:0004F205  7843 0001:0004F20E  7844 0001:0004F211
  7845 0001:0004F212  7846 0001:0004F215  7847 0001:0004F216  7848 0001:0004F219
  7849 0001:0004F21A  7850 0001:0004F21D  7853 0001:0004F21E  7855 0001:0004F22E
  7857 0001:0004F242  7859 0001:0004F246  7860 0001:0004F249  7861 0001:0004F24A
  7862 0001:0004F24D  7864 0001:0004F24E  7867 0001:0004F256  7869 0001:0004F260
  7855 0001:0004F264  7873 0001:0004F267  7875 0001:0004F277  7881 0001:0004F28E
  7885 0001:0004F29A  7886 0001:0004F2AA  7891 0001:0004F2BB  8195 0001:0004F494
  8197 0001:0004F4A4  8201 0001:0004F4A9  8203 0001:0004F4AC  8205 0001:0004F4B9
  8198 0001:0004F4BB  8208 0001:0004F4BF  8210 0001:0004F4C9  8211 0001:0004F4CE
  8212 0001:0004F4D3  8213 0001:0004F4DA  8214 0001:0004F4DF  8208 0001:0004F4E2
  8216 0001:0004F4E5  8217 0001:0004F4E7  8219 0001:0004F4EA  8221 0001:0004F4F4
  8222 0001:0004F4F6  8223 0001:0004F4F8  8224 0001:0004F4FB  8219 0001:0004F4FE
  8226 0001:0004F501  8230 0001:0004F506  8232 0001:0004F509  8234 0001:0004F516
  8227 0001:0004F518  8237 0001:0004F51C  8238 0001:0004F51E  8239 0001:0004F521
  8250 0001:0004F528  8252 0001:0004F532  8254 0001:0004F534  8257 0001:0004F53D
  8260 0001:0004F547  8261 0001:0004F557  8263 0001:0004F567  8267 0001:0004F569
  8274 0001:0004F572  8277 0001:0004F57C  8278 0001:0004F58C  8281 0001:0004F59C
  8284 0001:0004F59E  8288 0001:0004F5B2  8291 0001:0004F5BC  8292 0001:0004F5CC
  8294 0001:0004F5DC  8298 0001:0004F5DE  8299 0001:0004F5E2  8307 0001:0004F978
  8311 0001:0004F97E  8312 0001:0004F98D  8314 0001:0004F996  8316 0001:0004F9AB
  8327 0001:0004F9C0  8328 0001:0004F9C2  8335 0001:0004F9C9  8337 0001:0004F9CE
  8345 0001:0004F9D4  8346 0001:0004F9DA  8348 0001:0004F9E0  8349 0001:0004F9FC
  8348 0001:0004FA04  8352 0001:0004FA07  8353 0001:0004FA0C  8355 0001:0004FA13
  8359 0001:0004FA31  8360 0001:0004FA38  8362 0001:0004FA3D  8365 0001:0004FA4A
  8366 0001:0004FA4F  8368 0001:0004FA54  8370 0001:0004FA5F  8372 0001:0004FA6A
  8376 0001:0004FA8F  8377 0001:0004FA97  8378 0001:0004FA9C  8379 0001:0004FAA4
  8381 0001:0004FAA9  8384 0001:0004FAB7  8388 0001:0004FAD4  8392 0001:0004FAEC
  8399 0001:0004FAF3  8400 0001:0004FAF7  8328 0001:0004FAFB  8416 0001:0004FB04
  8417 0001:0004FB0E  8419 0001:0004FB18  8421 0001:0004FB22  8422 0001:0004FB24
  8423 0001:0004FB26  8424 0001:0004FB29  8419 0001:0004FB2C  8426 0001:0004FB2F
  8427 0001:0004FB39  8432 0001:0004FB43  8434 0001:0004FB5D  8436 0001:0004FB69
  8438 0001:0004FB6B  8443 0001:0004FB89  8436 0001:0004FB8A  8445 0001:0004FB92
  8447 0001:0004FB97  8457 0001:0004FBE0  8458 0001:0004FBE4  8462 0001:0004FBF1
  8466 0001:0004FC0C  8467 0001:0004FC13  8469 0001:0004FC15  8470 0001:0004FC27
  8472 0001:0004FC34  8473 0001:0004FC41  8475 0001:0004FC47  8467 0001:0004FC48
  8496 0001:0004FC4D  8501 0001:0004FC5B  8503 0001:0004FC88  8506 0001:0004FCB5
  8507 0001:0004FCBE  8508 0001:0004FCD0  8509 0001:0004FCD9  8512 0001:0004FCEB
  8515 0001:0004FD04  8517 0001:0004FD17  8519 0001:0004FD1D  8528 0001:0004FD23
  8529 0001:0004FD2D  8530 0001:0004FD37  8547 0001:0004FD41  8612 0001:0004FD48
  8614 0001:0004FD52  8616 0001:0004FD5C  8618 0001:0004FD63  8619 0001:0004FD6C
  8621 0001:0004FD78  8624 0001:0004FD82  8627 0001:0004FDD4  8629 0001:0004FDD7
  8634 0001:0004FDE0  8636 0001:0004FDE9  8637 0001:0004FDF4  8639 0001:0004FDFB
  8641 0001:0004FE04  8642 0001:0004FE0F  8646 0001:0004FE16  8648 0001:0004FE1F
  8649 0001:0004FE2A  8654 0001:0004FE31  8656 0001:0004FE3A  8657 0001:0004FE4C
  8666 0001:0004FE53  8669 0001:0004FE5D  8671 0001:0004FE64  8672 0001:0004FE6D
  8674 0001:0004FE79  8676 0001:0004FE83  8679 0001:0004FED8  8681 0001:0004FEDB
  8685 0001:0004FEE4  8688 0001:0004FEE9  8691 0001:0004FEF2  8733 0001:0004FF02
  8735 0001:0004FF0B  8736 0001:0004FF1D  8743 0001:0004FF24  8747 0001:0004FF29
  8772 0001:0004FF2C  8775 0001:0004FF69  8749 0001:0004FF6C  8752 0001:0004FF78
  8756 0001:0004FF8B  8760 0001:0004FF90  8763 0001:0004FF99  8765 0001:0004FF9E
  8770 0001:0004FFA3

Line numbers for plugin_demo(C:\l2phMY\PluginCodding\plugin_demo.dpr) segment .text

    29 0001:0004FFA8    30 0001:0004FFAB    31 0001:0004FFB6    35 0001:0004FFBD
    38 0001:0004FFC2    44 0001:000500A8    46 0001:000500CD    47 0001:000500DF
    48 0001:000500F3    49 0001:00050107    50 0001:00050119    52 0001:00050150
    57 0001:00050180    58 0001:00050183    59 0001:0005018D    60 0001:0005018F
    69 0001:00050194    70 0001:000501AE    71 0001:000501CD    72 0001:000501E6
    73 0001:00050205    74 0001:00050222    70 0001:00050223    75 0001:00050226
    76 0001:00050265    77 0001:000502A7    81 0001:000502D4    82 0001:000502DB
    83 0001:000502E2    84 0001:000502E9    85 0001:000502F0    86 0001:000502F7
    90 0001:000502FE    92 0001:0005030C    93 0001:00050319    94 0001:00050323
    97 0001:00050334   102 0001:00050384   103 0001:000503A6   104 0001:000503B0
   106 0001:000503B6   107 0001:000503C9   108 0001:000503ED   109 0001:000503F2
   110 0001:000503FA   111 0001:00050404   114 0001:0005040E   116 0001:00050434
   118 0001:0005046E   119 0001:00050484   120 0001:0005049A   121 0001:000504A7
   122 0001:000504B1   123 0001:000504D6   127 0001:000504DD   129 0001:000504E3
   130 0001:000504FD   134 0001:00050517   135 0001:0005053C   137 0001:00050541
   138 0001:0005057E   139 0001:00050588   140 0001:00050595   141 0001:000505AA
   142 0001:000505BB   143 0001:000505CD   144 0001:000505D6   145 0001:000505E0
   146 0001:000505E9   147 0001:0005060F   148 0001:00050619   153 0001:00050642
   161 0001:000509A0   162 0001:000509B0

Bound resource files

c:\program files\borland\delphi7\Lib\Buttons.res
c:\program files\borland\delphi7\Lib\ExtDlgs.res
c:\program files\borland\delphi7\Lib\Controls.res
plugin_demo.drf


Program entry point at 0001:000509A0
